Component: ARM Compiler 5.06 update 7 (build 960) Tool: armlink [4d3601]

==============================================================================

Section Cross References

    startup_stm32f427xx.o(STACK) refers (Special) to heapauxi.o(.text) for __use_two_region_memory
    startup_stm32f427xx.o(HEAP) refers (Special) to heapauxi.o(.text) for __use_two_region_memory
    startup_stm32f427xx.o(RESET) refers (Special) to heapauxi.o(.text) for __use_two_region_memory
    startup_stm32f427xx.o(RESET) refers to startup_stm32f427xx.o(STACK) for __initial_sp
    startup_stm32f427xx.o(RESET) refers to startup_stm32f427xx.o(.text) for Reset_Handler
    startup_stm32f427xx.o(RESET) refers to stm32f4xx_it.o(i.NMI_Handler) for NMI_Handler
    startup_stm32f427xx.o(RESET) refers to stm32f4xx_it.o(i.HardFault_Handler) for HardFault_Handler
    startup_stm32f427xx.o(RESET) refers to stm32f4xx_it.o(i.MemManage_Handler) for MemManage_Handler
    startup_stm32f427xx.o(RESET) refers to stm32f4xx_it.o(i.BusFault_Handler) for BusFault_Handler
    startup_stm32f427xx.o(RESET) refers to stm32f4xx_it.o(i.UsageFault_Handler) for UsageFault_Handler
    startup_stm32f427xx.o(RESET) refers to stm32f4xx_it.o(i.SVC_Handler) for SVC_Handler
    startup_stm32f427xx.o(RESET) refers to stm32f4xx_it.o(i.DebugMon_Handler) for DebugMon_Handler
    startup_stm32f427xx.o(RESET) refers to stm32f4xx_it.o(i.PendSV_Handler) for PendSV_Handler
    startup_stm32f427xx.o(RESET) refers to stm32f4xx_it.o(i.SysTick_Handler) for SysTick_Handler
    startup_stm32f427xx.o(RESET) refers to can1.o(i.CAN1_RX0_IRQHandler) for CAN1_RX0_IRQHandler
    startup_stm32f427xx.o(RESET) refers to timer.o(i.TIM4_IRQHandler) for TIM4_IRQHandler
    startup_stm32f427xx.o(RESET) refers to can2.o(i.CAN2_RX0_IRQHandler) for CAN2_RX0_IRQHandler
    startup_stm32f427xx.o(RESET) refers to remotecontrol.o(i.DMA2_Stream5_IRQHandler) for DMA2_Stream5_IRQHandler
    startup_stm32f427xx.o(RESET) refers to comm_umpire.o(i.DMA2_Stream7_IRQHandler) for DMA2_Stream7_IRQHandler
    startup_stm32f427xx.o(RESET) refers to comm_umpire.o(i.USART6_IRQHandler) for USART6_IRQHandler
    startup_stm32f427xx.o(RESET) refers to uart7.o(i.UART7_IRQHandler) for UART7_IRQHandler
    startup_stm32f427xx.o(.text) refers (Special) to heapauxi.o(.text) for __use_two_region_memory
    startup_stm32f427xx.o(.text) refers to system_stm32f4xx.o(i.SystemInit) for SystemInit
    startup_stm32f427xx.o(.text) refers to __main.o(!!!main) for __main
    startup_stm32f427xx.o(.text) refers to startup_stm32f427xx.o(HEAP) for Heap_Mem
    startup_stm32f427xx.o(.text) refers to startup_stm32f427xx.o(STACK) for Stack_Mem
    system_stm32f4xx.o(i.SystemCoreClockUpdate) refers to system_stm32f4xx.o(.data) for .data
    system_stm32f4xx.o(i.SystemInit) refers to system_stm32f4xx.o(i.SetSysClock) for SetSysClock
    stm32f4xx_adc.o(i.ADC_DeInit) refers to stm32f4xx_rcc.o(i.RCC_APB2PeriphResetCmd) for RCC_APB2PeriphResetCmd
    stm32f4xx_can.o(i.CAN_DeInit) refers to stm32f4xx_rcc.o(i.RCC_APB1PeriphResetCmd) for RCC_APB1PeriphResetCmd
    stm32f4xx_can.o(i.CAN_GetITStatus) refers to stm32f4xx_can.o(i.CheckITStatus) for CheckITStatus
    stm32f4xx_flash.o(i.FLASH_EraseAllBank1Sectors) refers to stm32f4xx_flash.o(i.FLASH_WaitForLastOperation) for FLASH_WaitForLastOperation
    stm32f4xx_flash.o(i.FLASH_EraseAllBank2Sectors) refers to stm32f4xx_flash.o(i.FLASH_WaitForLastOperation) for FLASH_WaitForLastOperation
    stm32f4xx_flash.o(i.FLASH_EraseAllSectors) refers to stm32f4xx_flash.o(i.FLASH_WaitForLastOperation) for FLASH_WaitForLastOperation
    stm32f4xx_flash.o(i.FLASH_EraseSector) refers to stm32f4xx_flash.o(i.FLASH_WaitForLastOperation) for FLASH_WaitForLastOperation
    stm32f4xx_flash.o(i.FLASH_OB_Launch) refers to stm32f4xx_flash.o(i.FLASH_WaitForLastOperation) for FLASH_WaitForLastOperation
    stm32f4xx_flash.o(i.FLASH_OB_PCROP1Config) refers to stm32f4xx_flash.o(i.FLASH_WaitForLastOperation) for FLASH_WaitForLastOperation
    stm32f4xx_flash.o(i.FLASH_OB_PCROPConfig) refers to stm32f4xx_flash.o(i.FLASH_WaitForLastOperation) for FLASH_WaitForLastOperation
    stm32f4xx_flash.o(i.FLASH_OB_RDPConfig) refers to stm32f4xx_flash.o(i.FLASH_WaitForLastOperation) for FLASH_WaitForLastOperation
    stm32f4xx_flash.o(i.FLASH_OB_UserConfig) refers to stm32f4xx_flash.o(i.FLASH_WaitForLastOperation) for FLASH_WaitForLastOperation
    stm32f4xx_flash.o(i.FLASH_OB_WRP1Config) refers to stm32f4xx_flash.o(i.FLASH_WaitForLastOperation) for FLASH_WaitForLastOperation
    stm32f4xx_flash.o(i.FLASH_OB_WRPConfig) refers to stm32f4xx_flash.o(i.FLASH_WaitForLastOperation) for FLASH_WaitForLastOperation
    stm32f4xx_flash.o(i.FLASH_ProgramByte) refers to stm32f4xx_flash.o(i.FLASH_WaitForLastOperation) for FLASH_WaitForLastOperation
    stm32f4xx_flash.o(i.FLASH_ProgramDoubleWord) refers to stm32f4xx_flash.o(i.FLASH_WaitForLastOperation) for FLASH_WaitForLastOperation
[...]
    I2C2_ER_IRQHandler                       0x080002cb   Thumb Code     0  startup_stm32f427xx.o(.text)
    I2C2_EV_IRQHandler                       0x080002cb   Thumb Code     0  startup_stm32f427xx.o(.text)
    I2C3_ER_IRQHandler                       0x080002cb   Thumb Code     0  startup_stm32f427xx.o(.text)
    I2C3_EV_IRQHandler                       0x080002cb   Thumb Code     0  startup_stm32f427xx.o(.text)
    OTG_FS_IRQHandler                        0x080002cb   Thumb Code     0  startup_stm32f427xx.o(.text)
    OTG_FS_WKUP_IRQHandler                   0x080002cb   Thumb Code     0  startup_stm32f427xx.o(.text)
    OTG_HS_EP1_IN_IRQHandler                 0x080002cb   Thumb Code     0  startup_stm32f427xx.o(.text)
    OTG_HS_EP1_OUT_IRQHandler                0x080002cb   Thumb Code     0  startup_stm32f427xx.o(.text)
    OTG_HS_IRQHandler                        0x080002cb   Thumb Code     0  startup_stm32f427xx.o(.text)
    OTG_HS_WKUP_IRQHandler                   0x080002cb   Thumb Code     0  startup_stm32f427xx.o(.text)
    PVD_IRQHandler                           0x080002cb   Thumb Code     0  startup_stm32f427xx.o(.text)
    RCC_IRQHandler                           0x080002cb   Thumb Code     0  startup_stm32f427xx.o(.text)
    RTC_Alarm_IRQHandler                     0x080002cb   Thumb Code     0  startup_stm32f427xx.o(.text)
    RTC_WKUP_IRQHandler                      0x080002cb   Thumb Code     0  startup_stm32f427xx.o(.text)
    SAI1_IRQHandler                          0x080002cb   Thumb Code     0  startup_stm32f427xx.o(.text)
    SDIO_IRQHandler                          0x080002cb   Thumb Code     0  startup_stm32f427xx.o(.text)
    SPI1_IRQHandler                          0x080002cb   Thumb Code     0  startup_stm32f427xx.o(.text)
    SPI2_IRQHandler                          0x080002cb   Thumb Code     0  startup_stm32f427xx.o(.text)
    SPI3_IRQHandler                          0x080002cb   Thumb Code     0  startup_stm32f427xx.o(.text)
    SPI4_IRQHandler                          0x080002cb   Thumb Code     0  startup_stm32f427xx.o(.text)
    SPI5_IRQHandler                          0x080002cb   Thumb Code     0  startup_stm32f427xx.o(.text)
    SPI6_IRQHandler                          0x080002cb   Thumb Code     0  startup_stm32f427xx.o(.text)
    TAMP_STAMP_IRQHandler                    0x080002cb   Thumb Code     0  startup_stm32f427xx.o(.text)
    TIM1_BRK_TIM9_IRQHandler                 0x080002cb   Thumb Code     0  startup_stm32f427xx.o(.text)
    TIM1_CC_IRQHandler                       0x080002cb   Thumb Code     0  startup_stm32f427xx.o(.text)
    TIM1_TRG_COM_TIM11_IRQHandler            0x080002cb   Thumb Code     0  startup_stm32f427xx.o(.text)
    TIM1_UP_TIM10_IRQHandler                 0x080002cb   Thumb Code     0  startup_stm32f427xx.o(.text)
    TIM2_IRQHandler                          0x080002cb   Thumb Code     0  startup_stm32f427xx.o(.text)
    TIM3_IRQHandler                          0x080002cb   Thumb Code     0  startup_stm32f427xx.o(.text)
    TIM5_IRQHandler                          0x080002cb   Thumb Code     0  startup_stm32f427xx.o(.text)
    TIM6_DAC_IRQHandler                      0x080002cb   Thumb Code     0  startup_stm32f427xx.o(.text)
    TIM7_IRQHandler                          0x080002cb   Thumb Code     0  startup_stm32f427xx.o(.text)
    TIM8_BRK_TIM12_IRQHandler                0x080002cb   Thumb Code     0  startup_stm32f427xx.o(.text)
    TIM8_CC_IRQHandler                       0x080002cb   Thumb Code     0  startup_stm32f427xx.o(.text)
    TIM8_TRG_COM_TIM14_IRQHandler            0x080002cb   Thumb Code     0  startup_stm32f427xx.o(.text)
    TIM8_UP_TIM13_IRQHandler                 0x080002cb   Thumb Code     0  startup_stm32f427xx.o(.text)
    UART4_IRQHandler                         0x080002cb   Thumb Code     0  startup_stm32f427xx.o(.text)
    UART5_IRQHandler                         0x080002cb   Thumb Code     0  startup_stm32f427xx.o(.text)
    UART8_IRQHandler                         0x080002cb   Thumb Code     0  startup_stm32f427xx.o(.text)
    USART1_IRQHandler                        0x080002cb   Thumb Code     0  startup_stm32f427xx.o(.text)
    USART2_IRQHandler                        0x080002cb   Thumb Code     0  startup_stm32f427xx.o(.text)
    USART3_IRQHandler                        0x080002cb   Thumb Code     0  startup_stm32f427xx.o(.text)
    WWDG_IRQHandler                          0x080002cb   Thumb Code     0  startup_stm32f427xx.o(.text)
    __user_initial_stackheap                 0x080002cd   Thumb Code     0  startup_stm32f427xx.o(.text)
    __use_no_semihosting                     0x080002f1   Thumb Code     2  use_no_semi_2.o(.text)
    __2printf                                0x080002f5   Thumb Code    20  noretval__2printf.o(.text)
    __2sprintf                               0x0800030d   Thumb Code    34  noretval__2sprintf.o(.text)
    __printf                                 0x08000335   Thumb Code   104  __printf.o(.text)
    _printf_int_dec                          0x0800039d   Thumb Code   104  _printf_dec.o(.text)
    __aeabi_memcpy4                          0x08000415   Thumb Code     0  rt_memcpy_w.o(.text)
    __aeabi_memcpy8                          0x08000415   Thumb Code     0  rt_memcpy_w.o(.text)
    __rt_memcpy_w                            0x08000415   Thumb Code   100  rt_memcpy_w.o(.text)
    _memcpy_lastbytes_aligned                0x0800045d   Thumb Code     0  rt_memcpy_w.o(.text)
    __use_two_region_memory                  0x08000479   Thumb Code     2  heapauxi.o(.text)
    __rt_heap_escrow$2region                 0x0800047b   Thumb Code     2  heapauxi.o(.text)
    __rt_heap_expand$2region                 0x0800047d   Thumb Code     2  heapauxi.o(.text)
    __I$use$semihosting                      0x0800047f   Thumb Code     0  use_no_semi.o(.text)
    __use_no_semihosting_swi                 0x0800047f   Thumb Code     2  use_no_semi.o(.text)
    __read_errno                             0x08000481   Thumb Code    10  _rserrno.o(.text)
    __set_errno                              0x0800048b   Thumb Code    12  _rserrno.o(.text)
    _printf_int_common                       0x08000497   Thumb Code   178  _printf_intcommon.o(.text)
    __lib_sel_fp_printf                      0x08000549   Thumb Code     2  _printf_fp_dec.o(.text)
    _printf_fp_dec_real                      0x080006fb   Thumb Code   620  _printf_fp_dec.o(.text)
    _printf_char_common                      0x08000973   Thumb Code    32  _printf_char_common.o(.text)
    _sputc                                   0x08000999   Thumb Code    10  _sputc.o(.text)
    _printf_char_file                        0x080009a5   Thumb Code    32  _printf_char_file.o(.text)
    __rt_locale                              0x080009c9   Thumb Code     8  rt_locale_intlibspace.o(.text)
    __aeabi_errno_addr                       0x080009d1   Thumb Code     8  rt_errno_addr_intlibspace.o(.text)
    __errno$intlibspace                      0x080009d1   Thumb Code     0  rt_errno_addr_intlibspace.o(.text)
    __rt_errno_addr$intlibspace              0x080009d1   Thumb Code     0  rt_errno_addr_intlibspace.o(.text)
    _ll_udiv10                               0x080009d9   Thumb Code   138  lludiv10.o(.text)
    _printf_fp_infnan                        0x08000a65   Thumb Code   112  _printf_fp_infnan.o(.text)
    _btod_etento                             0x08000ae5   Thumb Code   224  bigflt0.o(.text)
    ferror                                   0x08000bc9   Thumb Code     8  ferror.o(.text)
    __user_libspace                          0x08000bd1   Thumb Code     8  libspace.o(.text)
    __user_perproc_libspace                  0x08000bd1   Thumb Code     0  libspace.o(.text)
    __user_perthread_libspace                0x08000bd1   Thumb Code     0  libspace.o(.text)
    __user_setup_stackheap                   0x08000bd9   Thumb Code    74  sys_stackheap_outer.o(.text)
    exit                                     0x08000c23   Thumb Code    18  exit.o(.text)
    strcmp                                   0x08000c35   Thumb Code   128  strcmpv7m.o(.text)
    _btod_d2e                                0x08000cb5   Thumb Code    62  btod.o(CL$$btod_d2e)
    _d2e_denorm_low                          0x08000cf3   Thumb Code    70  btod.o(CL$$btod_d2e_denorm_low)
    _d2e_norm_op1                            0x08000d39   Thumb Code    96  btod.o(CL$$btod_d2e_norm_op1)
    __btod_div_common                        0x08000d99   Thumb Code   696  btod.o(CL$$btod_div_common)
    _e2e                                     0x080010d1   Thumb Code   220  btod.o(CL$$btod_e2e)
    _btod_ediv                               0x080011ad   Thumb Code    42  btod.o(CL$$btod_ediv)
    _btod_emul                               0x080011d7   Thumb Code    42  btod.o(CL$$btod_emul)
    __btod_mult_common                       0x08001201   Thumb Code   580  btod.o(CL$$btod_mult_common)
    Angle_deal                               0x08001445   Thumb Code   122  can1.o(i.Angle_deal)
    Astrict_Acc                              0x080014c5   Thumb Code   470  higher_class.o(i.Astrict_Acc)
    BusFault_Handler                         0x080016c1   Thumb Code     2  stm32f4xx_it.o(i.BusFault_Handler)
    CAN1_Configuration                       0x080016c5   Thumb Code   226  can1.o(i.CAN1_Configuration)
    CAN1_RX0_IRQHandler                      0x080017b1   Thumb Code   558  can1.o(i.CAN1_RX0_IRQHandler)
    CAN1_SendCommand_chassis                 0x080019f1   Thumb Code   110  can1.o(i.CAN1_SendCommand_chassis)
    CAN1_Send_Msg_gimbal                     0x08001a65   Thumb Code   172  can1.o(i.CAN1_Send_Msg_gimbal)
    CAN2_Configuration                       0x08001b15   Thumb Code   232  can2.o(i.CAN2_Configuration)
    CAN2_RX0_IRQHandler                      0x08001c05   Thumb Code   224  can2.o(i.CAN2_RX0_IRQHandler)
    CAN_ClearFlag                            0x08001d31   Thumb Code    44  stm32f4xx_can.o(i.CAN_ClearFlag)
    CAN_ClearITPendingBit                    0x08001d61   Thumb Code   132  stm32f4xx_can.o(i.CAN_ClearITPendingBit)
    CAN_DeInit                               0x08001de9   Thumb Code    52  stm32f4xx_can.o(i.CAN_DeInit)
    CAN_FilterInit                           0x08001e21   Thumb Code   202  stm32f4xx_can.o(i.CAN_FilterInit)
    CAN_GetITStatus                          0x08001ef5   Thumb Code   200  stm32f4xx_can.o(i.CAN_GetITStatus)
    CAN_ITConfig                             0x08001fc1   Thumb Code    20  stm32f4xx_can.o(i.CAN_ITConfig)
    CAN_Init                                 0x08001fd5   Thumb Code   260  stm32f4xx_can.o(i.CAN_Init)
    CAN_Receive                              0x080020d9   Thumb Code   130  stm32f4xx_can.o(i.CAN_Receive)
    CAN_StructInit                           0x0800215b   Thumb Code    32  stm32f4xx_can.o(i.CAN_StructInit)
    CAN_Transmit                             0x0800217b   Thumb Code   182  stm32f4xx_can.o(i.CAN_Transmit)
    CAN_TransmitStatus                       0x08002231   Thumb Code   116  stm32f4xx_can.o(i.CAN_TransmitStatus)
    Chassis_AutoRotate                       0x080022b9   Thumb Code   274  shoot.o(i.Chassis_AutoRotate)
    Chassis_Task                             0x080023e5   Thumb Code    46  user_api.o(i.Chassis_Task)
    Chassis_Task1                            0x08002425   Thumb Code   304  user_api.o(i.Chassis_Task1)
    Comm_umpire_Init                         0x0800257d   Thumb Code   242  comm_umpire.o(i.Comm_umpire_Init)
    DMA2_Stream5_IRQHandler                  0x08002681   Thumb Code    48  remotecontrol.o(i.DMA2_Stream5_IRQHandler)
    DMA2_Stream7_IRQHandler                  0x080026b9   Thumb Code    34  comm_umpire.o(i.DMA2_Stream7_IRQHandler)
    DMA_ClearFlag                            0x080026e1   Thumb Code    32  stm32f4xx_dma.o(i.DMA_ClearFlag)
    DMA_ClearITPendingBit                    0x0800270d   Thumb Code    32  stm32f4xx_dma.o(i.DMA_ClearITPendingBit)
    DMA_Cmd                                  0x08002739   Thumb Code    24  stm32f4xx_dma.o(i.DMA_Cmd)
    DMA_DeInit                               0x08002751   Thumb Code   278  stm32f4xx_dma.o(i.DMA_DeInit)
    DMA_GetCurrDataCounter                   0x0800287d   Thumb Code     6  stm32f4xx_dma.o(i.DMA_GetCurrDataCounter)
    DMA_GetFlagStatus                        0x08002885   Thumb Code    40  stm32f4xx_dma.o(i.DMA_GetFlagStatus)
    DMA_ITConfig                             0x080028b9   Thumb Code    50  stm32f4xx_dma.o(i.DMA_ITConfig)
    DMA_Init                                 0x080028ed   Thumb Code    80  stm32f4xx_dma.o(i.DMA_Init)
    DMA_SetCurrDataCounter                   0x08002941   Thumb Code     4  stm32f4xx_dma.o(i.DMA_SetCurrDataCounter)
    DealDataPack                             0x08002945   Thumb Code   266  comm_umpire.o(i.DealDataPack)
    DebugMon_Handler                         0x08002a61   Thumb Code     2  stm32f4xx_it.o(i.DebugMon_Handler)
    Decode_Frame                             0x08002a65   Thumb Code   118  uart7.o(i.Decode_Frame)
    Encoder_angle_conversion                 0x08002ae5   Thumb Code   130  shoot.o(i.Encoder_angle_conversion)
    FailSafe_Check                           0x08002b8d   Thumb Code    26  remotecontrol.o(i.FailSafe_Check)
    GPIO_Init                                0x08002bb1   Thumb Code   124  stm32f4xx_gpio.o(i.GPIO_Init)
    GPIO_PinAFConfig                         0x08002c2d   Thumb Code    32  stm32f4xx_gpio.o(i.GPIO_PinAFConfig)
    GPIO_ResetBits                           0x08002c4d   Thumb Code     4  stm32f4xx_gpio.o(i.GPIO_ResetBits)
    GPIO_SetBits                             0x08002c51   Thumb Code     4  stm32f4xx_gpio.o(i.GPIO_SetBits)
    Get_CRC16_Check_Sum                      0x08002c55   Thumb Code    34  crc.o(i.Get_CRC16_Check_Sum)
    Get_CRC8_Check_Sum                       0x08002c7d   Thumb Code    24  crc.o(i.Get_CRC8_Check_Sum)
    Get_Ctrl_Data                            0x08002c99   Thumb Code   808  user_api.o(i.Get_Ctrl_Data)
    Get_RC_Data                              0x08003005   Thumb Code   154  remotecontrol.o(i.Get_RC_Data)
    Get_UmpireData                           0x080030a9   Thumb Code   130  comm_umpire.o(i.Get_UmpireData)
    Gimbal_Ctrl                              0x08003135   Thumb Code   296  shoot.o(i.Gimbal_Ctrl)
    Gimbal_Ctrl_init                         0x08003285   Thumb Code    12  shoot.o(i.Gimbal_Ctrl_init)
    HardFault_Handler                        0x08003299   Thumb Code     2  stm32f4xx_it.o(i.HardFault_Handler)
    IMUSO3Thread                             0x0800329d   Thumb Code   666  imu.o(i.IMUSO3Thread)
    IMU_Init                                 0x0800355d   Thumb Code    96  mpu6500.o(i.IMU_Init)
    IMU_Temp_Ctrl                            0x080035c5   Thumb Code    56  imu.o(i.IMU_Temp_Ctrl)
    Inverse_Kinematic_Ctrl                   0x08003605   Thumb Code   356  ctrl_chassis.o(i.Inverse_Kinematic_Ctrl)
    KeyDataProcess                           0x08003785   Thumb Code   174  remotecontrol.o(i.KeyDataProcess)
    LED_Init                                 0x08003835   Thumb Code    88  led.o(i.LED_Init)
    LPF2pApply_1                             0x08003895   Thumb Code   130  filter.o(i.LPF2pApply_1)
    LPF2pApply_2                             0x0800391d   Thumb Code   130  filter.o(i.LPF2pApply_2)
    LPF2pApply_3                             0x080039a5   Thumb Code   130  filter.o(i.LPF2pApply_3)
    LPF2pApply_4                             0x08003a2d   Thumb Code   130  filter.o(i.LPF2pApply_4)
    LPF2pApply_5                             0x08003ab5   Thumb Code   130  filter.o(i.LPF2pApply_5)
    LPF2pApply_6                             0x08003b3d   Thumb Code   130  filter.o(i.LPF2pApply_6)
    LPF2pSetCutoffFreq_1                     0x08003bc5   Thumb Code   160  filter.o(i.LPF2pSetCutoffFreq_1)
    LPF2pSetCutoffFreq_2                     0x08003c71   Thumb Code   160  filter.o(i.LPF2pSetCutoffFreq_2)
    LPF2pSetCutoffFreq_3                     0x08003d1d   Thumb Code   160  filter.o(i.LPF2pSetCutoffFreq_3)
    LPF2pSetCutoffFreq_4                     0x08003dc9   Thumb Code   160  filter.o(i.LPF2pSetCutoffFreq_4)
    LPF2pSetCutoffFreq_5                     0x08003e75   Thumb Code   160  filter.o(i.LPF2pSetCutoffFreq_5)
    LPF2pSetCutoffFreq_6                     0x08003f21   Thumb Code   160  filter.o(i.LPF2pSetCutoffFreq_6)
    Laser_Init                               0x08003fcd   Thumb Code    48  led.o(i.Laser_Init)
    MPU6050AccRead                           0x08004001   Thumb Code    68  mpu6500.o(i.MPU6050AccRead)
    MPU6050GyroRead                          0x08004045   Thumb Code    68  mpu6500.o(i.MPU6050GyroRead)
    MPU6500_Init                             0x08004089   Thumb Code    68  mpu6500.o(i.MPU6500_Init)
    MPU6500_Read_Reg                         0x080040d5   Thumb Code    36  mpu6500.o(i.MPU6500_Read_Reg)
    MPU6500_Write_Reg                        0x08004101   Thumb Code    38  mpu6500.o(i.MPU6500_Write_Reg)
    Matrix_Translate                         0x08004131   Thumb Code   232  higher_class.o(i.Matrix_Translate)
    MemManage_Handler                        0x08004221   Thumb Code     2  stm32f4xx_it.o(i.MemManage_Handler)
    NMI_Handler                              0x08004223   Thumb Code     2  stm32f4xx_it.o(i.NMI_Handler)
    NVIC_Init                                0x08004225   Thumb Code    98  misc.o(i.NVIC_Init)
    NVIC_PriorityGroupConfig                 0x0800428d   Thumb Code    10  misc.o(i.NVIC_PriorityGroupConfig)
    PID_Control                              0x08004885   Thumb Code   328  pid.o(i.PID_Control)
    PWM_Write                                0x080049d5   Thumb Code    36  pwm.o(i.PWM_Write)
    PendSV_Handler                           0x080049fd   Thumb Code     2  stm32f4xx_it.o(i.PendSV_Handler)
    RCC_AHB1PeriphClockCmd                   0x08004a55   Thumb Code    22  stm32f4xx_rcc.o(i.RCC_AHB1PeriphClockCmd)
    RCC_APB1PeriphClockCmd                   0x08004a71   Thumb Code    22  stm32f4xx_rcc.o(i.RCC_APB1PeriphClockCmd)
    RCC_APB1PeriphResetCmd                   0x08004a8d   Thumb Code    22  stm32f4xx_rcc.o(i.RCC_APB1PeriphResetCmd)
    RCC_APB2PeriphClockCmd                   0x08004aa9   Thumb Code    22  stm32f4xx_rcc.o(i.RCC_APB2PeriphClockCmd)
    RCC_APB2PeriphResetCmd                   0x08004ac5   Thumb Code    22  stm32f4xx_rcc.o(i.RCC_APB2PeriphResetCmd)
    RCC_GetClocksFreq                        0x08004ae1   Thumb Code   148  stm32f4xx_rcc.o(i.RCC_GetClocksFreq)
    RC_Init                                  0x08004b85   Thumb Code   256  remotecontrol.o(i.RC_Init)
    ReadIMUSensorHandle                      0x08004c9d   Thumb Code   248  mpu6500.o(i.ReadIMUSensorHandle)
    SPI5_Init                                0x08004db1   Thumb Code   204  spi.o(i.SPI5_Init)
    SPI5_ReadWriteByte                       0x08004e85   Thumb Code    78  spi.o(i.SPI5_ReadWriteByte)
    SPI_Cmd                                  0x08004ed9   Thumb Code    24  stm32f4xx_spi.o(i.SPI_Cmd)
    SPI_I2S_GetFlagStatus                    0x08004ef1   Thumb Code    14  stm32f4xx_spi.o(i.SPI_I2S_GetFlagStatus)
    SPI_I2S_ReceiveData                      0x08004eff   Thumb Code     4  stm32f4xx_spi.o(i.SPI_I2S_ReceiveData)
    SPI_I2S_SendData                         0x08004f03   Thumb Code     4  stm32f4xx_spi.o(i.SPI_I2S_SendData)
    SPI_Init                                 0x08004f07   Thumb Code    56  stm32f4xx_spi.o(i.SPI_Init)
    SVC_Handler                              0x08004f3f   Thumb Code     2  stm32f4xx_it.o(i.SVC_Handler)
    Shoot_Ctrl                               0x08005015   Thumb Code   152  user_api.o(i.Shoot_Ctrl)
    SumCkeck                                 0x080050d1   Thumb Code    24  uart7.o(i.SumCkeck)
    SysTick_Handler                          0x080050ed   Thumb Code    10  stm32f4xx_it.o(i.SysTick_Handler)
    SystemInit                               0x080050fd   Thumb Code    74  system_stm32f4xx.o(i.SystemInit)
    TIM3_PWM_Init                            0x08005159   Thumb Code   180  pwm.o(i.TIM3_PWM_Init)
    TIM4_IRQHandler                          0x08005215   Thumb Code   138  timer.o(i.TIM4_IRQHandler)
    TIM4_Int_Init                            0x080052a9   Thumb Code    94  timer.o(i.TIM4_Int_Init)
    TIM_ARRPreloadConfig                     0x0800530d   Thumb Code    24  stm32f4xx_tim.o(i.TIM_ARRPreloadConfig)
    TIM_ClearITPendingBit                    0x08005325   Thumb Code     6  stm32f4xx_tim.o(i.TIM_ClearITPendingBit)
    TIM_Cmd                                  0x0800532b   Thumb Code    24  stm32f4xx_tim.o(i.TIM_Cmd)
    TIM_CtrlPWMOutputs                       0x08005343   Thumb Code    28  stm32f4xx_tim.o(i.TIM_CtrlPWMOutputs)
    TIM_DeInit                               0x08005361   Thumb Code   376  stm32f4xx_tim.o(i.TIM_DeInit)
    TIM_GetITStatus                          0x0800550d   Thumb Code    24  stm32f4xx_tim.o(i.TIM_GetITStatus)
    TIM_ITConfig                             0x08005525   Thumb Code    20  stm32f4xx_tim.o(i.TIM_ITConfig)
    TIM_OC1Init                              0x08005539   Thumb Code    96  stm32f4xx_tim.o(i.TIM_OC1Init)
    TIM_OC1PreloadConfig                     0x080055a1   Thumb Code    12  stm32f4xx_tim.o(i.TIM_OC1PreloadConfig)
    TIM_OC2Init                              0x080055ad   Thumb Code   128  stm32f4xx_tim.o(i.TIM_OC2Init)
    TIM_OC2PreloadConfig                     0x08005635   Thumb Code    20  stm32f4xx_tim.o(i.TIM_OC2PreloadConfig)
    TIM_OC4Init                              0x08005649   Thumb Code    92  stm32f4xx_tim.o(i.TIM_OC4Init)
    TIM_OC4PreloadConfig                     0x080056ad   Thumb Code    20  stm32f4xx_tim.o(i.TIM_OC4PreloadConfig)
    TIM_TimeBaseInit                         0x080056c1   Thumb Code    96  stm32f4xx_tim.o(i.TIM_TimeBaseInit)
    Total_PID_Init                           0x0800573d   Thumb Code   484  pid.o(i.Total_PID_Init)
    UART7_CommandRoute                       0x08005971   Thumb Code   214  uart7.o(i.UART7_CommandRoute)
    UART7_IRQHandler                         0x08005a61   Thumb Code    66  uart7.o(i.UART7_IRQHandler)
    UART7_Tx                                 0x08005aad   Thumb Code    30  uart7.o(i.UART7_Tx)
    USART6_IRQHandler                        0x08005ad1   Thumb Code   100  comm_umpire.o(i.USART6_IRQHandler)
    USART_ClearITPendingBit                  0x08005b45   Thumb Code    16  stm32f4xx_usart.o(i.USART_ClearITPendingBit)
    USART_Cmd                                0x08005b55   Thumb Code    24  stm32f4xx_usart.o(i.USART_Cmd)
    USART_DMACmd                             0x08005b6d   Thumb Code    20  stm32f4xx_usart.o(i.USART_DMACmd)
    USART_DeInit                             0x08005b81   Thumb Code   224  stm32f4xx_usart.o(i.USART_DeInit)
    USART_GetFlagStatus                      0x08005c81   Thumb Code    14  stm32f4xx_usart.o(i.USART_GetFlagStatus)
    USART_GetITStatus                        0x08005c8f   Thumb Code    64  stm32f4xx_usart.o(i.USART_GetITStatus)
    USART_ITConfig                           0x08005ccf   Thumb Code    54  stm32f4xx_usart.o(i.USART_ITConfig)
    USART_Init                               0x08005d05   Thumb Code   180  stm32f4xx_usart.o(i.USART_Init)
    USART_ReceiveData                        0x08005dc1   Thumb Code     8  stm32f4xx_usart.o(i.USART_ReceiveData)
    USART_SendData                           0x08005dc9   Thumb Code     8  stm32f4xx_usart.o(i.USART_SendData)
    UsageFault_Handler                       0x08005dd1   Thumb Code     2  stm32f4xx_it.o(i.UsageFault_Handler)
    Usart_SendString                         0x08005dd5   Thumb Code    36  uart7.o(i.Usart_SendString)
    Verify_CRC16_Check_Sum                   0x08005dfd   Thumb Code    48  crc.o(i.Verify_CRC16_Check_Sum)
    Verify_CRC8_Check_Sum                    0x08005e31   Thumb Code    46  crc.o(i.Verify_CRC8_Check_Sum)
    Yaw_angle_pid                            0x08005e61   Thumb Code   250  shoot.o(i.Yaw_angle_pid)
    __ARM_fpclassify                         0x08005fa5   Thumb Code    48  fpclassify.o(i.__ARM_fpclassify)
    __ARM_fpclassifyf                        0x08005fd5   Thumb Code    38  fpclassifyf.o(i.__ARM_fpclassifyf)
    __hardfp_asinf                           0x08006019   Thumb Code   258  asinf.o(i.__hardfp_asinf)
    __hardfp_atan                            0x08006149   Thumb Code   622  atan.o(i.__hardfp_atan)
    __hardfp_atan2                           0x08006421   Thumb Code   448  atan2.o(i.__hardfp_atan2)
    __hardfp_atan2f                          0x08006621   Thumb Code   594  atan2f.o(i.__hardfp_atan2f)
    __hardfp_cos                             0x080068d1   Thumb Code   180  cos.o(i.__hardfp_cos)
    __hardfp_cosf                            0x08006999   Thumb Code   280  cosf.o(i.__hardfp_cosf)
    __hardfp_fabs                            0x08006ae9   Thumb Code    20  fabs.o(i.__hardfp_fabs)
    __hardfp_sin                             0x08006b01   Thumb Code   180  sin.o(i.__hardfp_sin)
    __hardfp_sinf                            0x08006bc9   Thumb Code   344  sinf.o(i.__hardfp_sinf)
    __hardfp_sqrt                            0x08006d59   Thumb Code   122  sqrt.o(i.__hardfp_sqrt)
    __hardfp_tanf                            0x08006dd5   Thumb Code   322  tanf.o(i.__hardfp_tanf)
    __ieee754_rem_pio2                       0x08006f51   Thumb Code   938  rred.o(i.__ieee754_rem_pio2)
    __kernel_cos                             0x08007389   Thumb Code   322  cos_i.o(i.__kernel_cos)
    __kernel_poly                            0x080074f9   Thumb Code   248  poly.o(i.__kernel_poly)
    __kernel_sin                             0x080075f1   Thumb Code   280  sin_i.o(i.__kernel_sin)
    __mathlib_dbl_infnan                     0x08007721   Thumb Code    20  dunder.o(i.__mathlib_dbl_infnan)
    __mathlib_dbl_infnan2                    0x08007735   Thumb Code    20  dunder.o(i.__mathlib_dbl_infnan2)
    __mathlib_dbl_invalid                    0x08007749   Thumb Code    24  dunder.o(i.__mathlib_dbl_invalid)
    __mathlib_dbl_underflow                  0x08007769   Thumb Code    24  dunder.o(i.__mathlib_dbl_underflow)
    __mathlib_flt_infnan                     0x08007789   Thumb Code     6  funder.o(i.__mathlib_flt_infnan)
    __mathlib_flt_infnan2                    0x0800778f   Thumb Code     6  funder.o(i.__mathlib_flt_infnan2)
    __mathlib_flt_invalid                    0x08007795   Thumb Code    10  funder.o(i.__mathlib_flt_invalid)
    __mathlib_flt_underflow                  0x080077a5   Thumb Code    10  funder.o(i.__mathlib_flt_underflow)
    __mathlib_rredf2                         0x080077b5   Thumb Code   316  rredf.o(i.__mathlib_rredf2)
    _sys_exit                                0x08007909   Thumb Code     2  usart.o(i._sys_exit)
    atan                                     0x0800790b   Thumb Code    16  atan.o(i.atan)
    cv_yaw_pitch_autorotate                  0x0800791d   Thumb Code   398  shoot.o(i.cv_yaw_pitch_autorotate)
    cycleCounterInit                         0x08007aed   Thumb Code    22  stm32f4xx_it.o(i.cycleCounterInit)
    delay_ms                                 0x08007b0d   Thumb Code    32  delay.o(i.delay_ms)
    digital_init                             0x08007b2d   Thumb Code    62  digital.o(i.digital_init)
    encoders_err                             0x08007b71   Thumb Code    72  ctrl_chassis.o(i.encoders_err)
    encoders_err_shoot                       0x08007bc1   Thumb Code    64  shoot.o(i.encoders_err_shoot)
    fabs                                     0x08007c09   Thumb Code    24  fabs.o(i.fabs)
    fputc                                    0x08007c21   Thumb Code    18  usart.o(i.fputc)
    fric1_on                                 0x08007c39   Thumb Code     8  fric.o(i.fric1_on)
    fric2_on                                 0x08007c41   Thumb Code     8  fric.o(i.fric2_on)
    fric_PWM_configuration                   0x08007c49   Thumb Code   294  fric.o(i.fric_PWM_configuration)
    fric_off                                 0x08007d81   Thumb Code    26  fric.o(i.fric_off)
    kalman                                   0x08007e05   Thumb Code   108  can1.o(i.kalman)
    laser_on                                 0x08007e79   Thumb Code    10  led.o(i.laser_on)
    main                                     0x08007e89   Thumb Code   738  main.o(i.main)
    micros                                   0x080081d9   Thumb Code    52  stm32f4xx_it.o(i.micros)
    motor_angle_ctrl                         0x08008211   Thumb Code   324  ctrl_chassis.o(i.motor_angle_ctrl)
    motor_angle_pid                          0x08008379   Thumb Code   350  shoot.o(i.motor_angle_pid)
    motor_speed_ctrl                         0x0800850d   Thumb Code    84  ctrl_chassis.o(i.motor_speed_ctrl)
    power_ctrl_configuration                 0x08008569   Thumb Code    62  power_ctrl.o(i.power_ctrl_configuration)
    power_ctrl_off                           0x080085ad   Thumb Code    18  power_ctrl.o(i.power_ctrl_off)
    shoot_control_loop                       0x080085c5   Thumb Code    24  shoot.o(i.shoot_control_loop)
    sqrtf                                    0x080085dd   Thumb Code    62  sqrtf.o(i.sqrtf)
    usart7_init                              0x0800861d   Thumb Code   164  uart7.o(i.usart7_init)
    virtual_encoders                         0x080086c9   Thumb Code    62  ctrl_chassis.o(i.virtual_encoders)
    virtual_encoders_shoot                   0x0800870d   Thumb Code    36  shoot.o(i.virtual_encoders_shoot)
    _get_lc_numeric                          0x08008735   Thumb Code    44  lc_numeric_c.o(locale$$code)
    __aeabi_dneg                             0x08008761   Thumb Code     0  basic.o(x$fpl$basic)
    _dneg                                    0x08008761   Thumb Code     6  basic.o(x$fpl$basic)
    __aeabi_fneg                             0x08008767   Thumb Code     0  basic.o(x$fpl$basic)
    _fneg                                    0x08008767   Thumb Code     6  basic.o(x$fpl$basic)
    _dabs                                    0x0800876d   Thumb Code     6  basic.o(x$fpl$basic)
    _fabs                                    0x08008773   Thumb Code     6  basic.o(x$fpl$basic)
    __aeabi_d2f                              0x08008779   Thumb Code     0  d2f.o(x$fpl$d2f)
    _d2f                                     0x08008779   Thumb Code    98  d2f.o(x$fpl$d2f)
    __aeabi_dadd                             0x080087dd   Thumb Code     0  daddsub_clz.o(x$fpl$dadd)
    _dadd                                    0x080087dd   Thumb Code   332  daddsub_clz.o(x$fpl$dadd)
    __fpl_dcmp_Inf                           0x0800892d   Thumb Code    24  dcmpi.o(x$fpl$dcmpinf)
    __aeabi_ddiv                             0x08008945   Thumb Code     0  ddiv.o(x$fpl$ddiv)
    _ddiv                                    0x08008945   Thumb Code   552  ddiv.o(x$fpl$ddiv)
    __aeabi_cdcmpeq                          0x08008bf5   Thumb Code     0  deqf.o(x$fpl$deqf)
    _dcmpeq                                  0x08008bf5   Thumb Code   120  deqf.o(x$fpl$deqf)
    __aeabi_d2iz                             0x08008c6d   Thumb Code     0  dfix.o(x$fpl$dfix)
    _dfix                                    0x08008c6d   Thumb Code    94  dfix.o(x$fpl$dfix)
    __aeabi_i2d                              0x08008ccb   Thumb Code     0  dflt_clz.o(x$fpl$dflt)
    _dflt                                    0x08008ccb   Thumb Code    46  dflt_clz.o(x$fpl$dflt)
    __aeabi_ui2d                             0x08008cf9   Thumb Code     0  dflt_clz.o(x$fpl$dfltu)
    _dfltu                                   0x08008cf9   Thumb Code    38  dflt_clz.o(x$fpl$dfltu)
    __aeabi_cdcmple                          0x08008d21   Thumb Code     0  dleqf.o(x$fpl$dleqf)
    _dcmple                                  0x08008d21   Thumb Code   120  dleqf.o(x$fpl$dleqf)
    __fpl_dcmple_InfNaN                      0x08008d83   Thumb Code     0  dleqf.o(x$fpl$dleqf)
    __aeabi_dmul                             0x08008d99   Thumb Code     0  dmul.o(x$fpl$dmul)
    _dmul                                    0x08008d99   Thumb Code   332  dmul.o(x$fpl$dmul)
    __fpl_dnaninf                            0x08008eed   Thumb Code   156  dnaninf.o(x$fpl$dnaninf)
    __fpl_dretinf                            0x08008f89   Thumb Code    12  dretinf.o(x$fpl$dretinf)
    __aeabi_drsub                            0x08008f95   Thumb Code     0  daddsub_clz.o(x$fpl$drsb)
    _drsb                                    0x08008f95   Thumb Code    22  daddsub_clz.o(x$fpl$drsb)
    _dsqrt                                   0x08008fad   Thumb Code   404  dsqrt_umaal.o(x$fpl$dsqrt)
    __aeabi_dsub                             0x08009145   Thumb Code     0  daddsub_clz.o(x$fpl$dsub)
    _dsub                                    0x08009145   Thumb Code   464  daddsub_clz.o(x$fpl$dsub)
    __aeabi_f2d                              0x08009319   Thumb Code     0  f2d.o(x$fpl$f2d)
    _f2d                                     0x08009319   Thumb Code    86  f2d.o(x$fpl$f2d)
    __fpl_fnaninf                            0x0800936f   Thumb Code   140  fnaninf.o(x$fpl$fnaninf)
    _fp_init                                 0x080093fb   Thumb Code    10  fpinit.o(x$fpl$fpinit)
    __fplib_config_fpu_vfp                   0x08009403   Thumb Code     0  fpinit.o(x$fpl$fpinit)
    __fplib_config_pureend_doubles           0x08009403   Thumb Code     0  fpinit.o(x$fpl$fpinit)
    __fpl_fretinf                            0x08009405   Thumb Code    10  fretinf.o(x$fpl$fretinf)
    _printf_fp_dec                           0x0800940f   Thumb Code     4  printf1.o(x$fpl$printf1)
    __I$use$fp                               0x08009412   Number         0  usenofp.o(x$fpl$usenofp)
    CRC8_TAB                                 0x08009428   Data         256  crc.o(.constdata)
    wCRC_Table                               0x08009528   Data         512  crc.o(.constdata)
    __mathlib_zero                           0x08009818   Data           8  qnan.o(.constdata)
    Region$$Table$$Base                      0x080099c4   Number         0  anon$$obj.o(Region$$Table)
    Region$$Table$$Limit                     0x080099e4   Number         0  anon$$obj.o(Region$$Table)
    SystemCoreClock                          0x20000000   Data           4  system_stm32f4xx.o(.data)
    AHBPrescTable                            0x20000004   Data          16  system_stm32f4xx.o(.data)
    __stdout                                 0x20000024   Data           4  usart.o(.data)
    Q                                        0x20000028   Data           4  can1.o(.data)
    R                                        0x2000002c   Data           4  can1.o(.data)
    cnt                                      0x20000030   Data           5  can1.o(.data)
    variance_kalman                          0x20000038   Data          40  can1.o(.data)
    MPU_id                                   0x20000060   Data           1  mpu6500.o(.data)
    failsafe_flag                            0x20000066   Data           1  remotecontrol.o(.data)
    Umpire_GameResult                        0x20000068   Data           1  comm_umpire.o(.data)
    Umpire_Hurt                              0x20000069   Data           2  comm_umpire.o(.data)
    Umpire_Rfid                              0x2000006b   Data           2  comm_umpire.o(.data)
    Umpire_Buff                              0x2000006d   Data           2  comm_umpire.o(.data)
    Umpire_Shoot                             0x2000006f   Data           6  comm_umpire.o(.data)
    Umpire_State                             0x20000075   Data           8  comm_umpire.o(.data)
    TX2_Data                                 0x2000007d   Data           8  can2.o(.data)
    Hz500_Cnt                                0x20000085   Data           1  timer.o(.data)
    Hz200_Cnt1                               0x20000086   Data           1  timer.o(.data)
    Hz100_Cnt1                               0x20000087   Data           1  timer.o(.data)
    Hz50_Cnt                                 0x20000088   Data           1  timer.o(.data)
    Hz200_Cnt2                               0x20000089   Data           1  timer.o(.data)
    Hz100_Cnt2                               0x2000008a   Data           1  timer.o(.data)
    Flag50Hz                                 0x2000008b   Data           1  timer.o(.data)
    Flag100Hz_Thread1                        0x2000008c   Data           1  timer.o(.data)
    Flag100Hz_Thread2                        0x2000008d   Data           1  timer.o(.data)
    Flag200Hz_Thread1                        0x2000008e   Data           1  timer.o(.data)
    Flag200Hz_Thread2                        0x2000008f   Data           1  timer.o(.data)
    Flag500Hz                                0x20000090   Data           1  timer.o(.data)
    CRC_INIT                                 0x20000092   Data           2  crc.o(.data)
    rx_wr_index                              0x20000094   Data           1  uart7.o(.data)
    U7_RC_Flag                               0x20000095   Data           1  uart7.o(.data)
    Encoders                                 0x20000096   Data           8  ctrl_chassis.o(.data)
    Vx_Lpf                                   0x20000160   Data           4  higher_class.o(.data)
    Vy_Lpf                                   0x20000164   Data           4  higher_class.o(.data)
    Wz_Lpf                                   0x20000168   Data           4  higher_class.o(.data)
    bFilterInit                              0x20000178   Data           1  imu.o(.data)
    Shoot_Flag                               0x200001cc   Data           1  user_api.o(.data)
    Shoot_Frequency                          0x200001ce   Data           2  user_api.o(.data)
    ShootProject_Level1                      0x200001d0   Data           8  user_api.o(.data)
    ShootProject_Level2                      0x200001d8   Data           8  user_api.o(.data)
    ShootProject_Level3                      0x200001e0   Data           8  user_api.o(.data)
    pid_out                                  0x200001ec   Data           2  shoot.o(.data)
    Encoders_shoot                           0x200001ee   Data           2  shoot.o(.data)
    Yaw_EncodeAngle                          0x20000208   Data           4  shoot.o(.data)
    Pitch_EncodeAngle                        0x2000020c   Data           4  shoot.o(.data)
    abs_target_pitch_angle                   0x20000214   Data           4  shoot.o(.data)
    current_yaw_angle                        0x20000218   Data           4  shoot.o(.data)
    sum_yaw_angle                            0x2000021c   Data           4  shoot.o(.data)
    current_pitch_angle                      0x20000220   Data           4  shoot.o(.data)
    last_pitch_angle                         0x20000224   Data           4  shoot.o(.data)
    sum_pitch_angle                          0x20000228   Data           4  shoot.o(.data)
    targetSpeed                              0x2000022c   Data           2  shoot.o(.data)
    shootSpeed                               0x2000022e   Data           2  shoot.o(.data)
    printfBuff1                              0x20000230   Data           4  shoot.o(.data)
    printfBuff2                              0x20000234   Data           4  shoot.o(.data)
    loopcnt                                  0x20000238   Data           2  main.o(.data)
    check                                    0x2000023c   Data           4  main.o(.data)
    c1                                       0x20000240   Data           4  main.o(.data)
    sysTickUptime                            0x20000248   Data           4  stm32f4xx_it.o(.data)
    old_angle                                0x2000024c   Data          14  can1.o(.bss)
    motor_data                               0x2000025a   Data          96  can1.o(.bss)
    old_kalman                               0x200002bc   Data          40  can1.o(.bss)
    imu                                      0x200002e4   Data         196  mpu6500.o(.bss)
    sbus_rx_buffer                           0x200003a8   Data          25  remotecontrol.o(.bss)
    RC_Ctl                                   0x200003c1   Data          37  remotecontrol.o(.bss)
    Rx_buffer                                0x200003e6   Data         100  comm_umpire.o(.bss)
    SendBuff                                 0x2000044a   Data         100  comm_umpire.o(.bss)
    Umpire_PowerHeat                         0x200004ae   Data          20  comm_umpire.o(.bss)
    Umpire_RobotPos                          0x200004c2   Data          16  comm_umpire.o(.bss)
    Vision_Data                              0x200004d4   Data          12  can2.o(.bss)
    u7_rx_buffer                             0x200004e0   Data          40  uart7.o(.bss)
    cv_Data                                  0x20000508   Data          12  uart7.o(.bss)
    Control_data                             0x200005bc   Data          20  user_api.o(.bss)
    Yaw_speed_pid                            0x200005d0   Data         116  pid.o(.bss)
    Pitch_speed_pid                          0x20000644   Data         116  pid.o(.bss)
    Pitch_angle_pid                          0x200006b8   Data         116  pid.o(.bss)
    Fire_speed_pid                           0x2000072c   Data         116  pid.o(.bss)
    CV_Yaw_Angle_PID                         0x200007a0   Data         116  pid.o(.bss)
    CV_Pitch_Angle_PID                       0x20000814   Data         116  pid.o(.bss)
    CV_Yaw_speed_pid                         0x20000888   Data         116  pid.o(.bss)
    CV_Pitch_speed_pid                       0x200008fc   Data         116  pid.o(.bss)
    motor_speed_pid                          0x20000970   Data         464  pid.o(.bss)
    __libspace_start                         0x20000bfc   Data          96  libspace.o(.bss)
    __temporary_stack_top$libspace           0x20000c5c   Data           0  libspace.o(.bss)



==============================================================================

Memory Map of the image

  Image Entry point : 0x080002b1

  Load Region LR_1 (Base: 0x08000000, Size: 0x00009c4c, Max: 0xffffffff, ABSOLUTE, COMPRESSED[0x00009a3c])

    Execution Region ER_RO (Exec base: 0x08000000, Load base: 0x08000000, Size: 0x00009a00, Max: 0xffffffff, ABSOLUTE)

    Exec Addr    Load Addr    Size         Type   Attr      Idx    E Section Name        Object

    0x08000000   0x08000000   0x000001ac   Data   RO            3    RESET               startup_stm32f427xx.o
    0x080001ac   0x080001ac   0x00000008   Code   RO         4855  * !!!main             c_w.l(__main.o)
    0x080001b4   0x080001b4   0x00000034   Code   RO         5318    !!!scatter          c_w.l(__scatter.o)
    0x080001e8   0x080001e8   0x0000005a   Code   RO         5316    !!dczerorl2         c_w.l(__dczerorl2.o)
    0x08000242   0x08000242   0x00000002   PAD
    0x08000244   0x08000244   0x0000001c   Code   RO         5320    !!handler_zi        c_w.l(__scatter_zi.o)
    0x08000260   0x08000260   0x00000000   Code   RO         4850    .ARM.Collect$$_printf_percent$$00000000  c_w.l(_printf_percent.o)
    0x08000260   0x08000260   0x00000006   Code   RO         4848    .ARM.Collect$$_printf_percent$$00000003  c_w.l(_printf_f.o)
    0x08000266   0x08000266   0x00000006   Code   RO         4849    .ARM.Collect$$_printf_percent$$00000005  c_w.l(_printf_g.o)
    0x0800026c   0x0800026c   0x00000006   Code   RO         4847    .ARM.Collect$$_printf_percent$$00000008  c_w.l(_printf_i.o)
    0x08000272   0x08000272   0x00000004   Code   RO         5016    .ARM.Collect$$_printf_percent$$00000017  c_w.l(_printf_percent_end.o)
    0x08000276   0x08000276   0x00000002   Code   RO         5191    .ARM.Collect$$libinit$$00000000  c_w.l(libinit.o)
    0x08000278   0x08000278   0x00000004   Code   RO         5192    .ARM.Collect$$libinit$$00000001  c_w.l(libinit2.o)
    0x0800027c   0x0800027c   0x00000000   Code   RO         5195    .ARM.Collect$$libinit$$00000004  c_w.l(libinit2.o)
    0x0800027c   0x0800027c   0x00000000   Code   RO         5198    .ARM.Collect$$libinit$$0000000A  c_w.l(libinit2.o)
    0x0800027c   0x0800027c   0x00000000   Code   RO         5200    .ARM.Collect$$libinit$$0000000C  c_w.l(libinit2.o)
    0x0800027c   0x0800027c   0x00000000   Code   RO         5202    .ARM.Collect$$libinit$$0000000E  c_w.l(libinit2.o)
    0x0800027c   0x0800027c   0x00000006   Code   RO         5203    .ARM.Collect$$libinit$$0000000F  c_w.l(libinit2.o)
    0x08000282   0x08000282   0x00000000   Code   RO         5205    .ARM.Collect$$libinit$$00000011  c_w.l(libinit2.o)
    0x08000282   0x08000282   0x00000000   Code   RO         5207    .ARM.Collect$$libinit$$00000013  c_w.l(libinit2.o)
    0x08000282   0x08000282   0x00000000   Code   RO         5209    .ARM.Collect$$libinit$$00000015  c_w.l(libinit2.o)
    0x08000282   0x08000282   0x0000000a   Code   RO         5210    .ARM.Collect$$libinit$$00000016  c_w.l(libinit2.o)
    0x0800028c   0x0800028c   0x00000000   Code   RO         5211    .ARM.Collect$$libinit$$00000017  c_w.l(libinit2.o)
    0x0800028c   0x0800028c   0x00000000   Code   RO         5213    .ARM.Collect$$libinit$$00000019  c_w.l(libinit2.o)
    0x0800028c   0x0800028c   0x00000000   Code   RO         5215    .ARM.Collect$$libinit$$0000001B  c_w.l(libinit2.o)
    0x0800028c   0x0800028c   0x00000000   Code   RO         5217    .ARM.Collect$$libinit$$0000001D  c_w.l(libinit2.o)
    0x0800028c   0x0800028c   0x00000000   Code   RO         5219    .ARM.Collect$$libinit$$0000001F  c_w.l(libinit2.o)
    0x0800028c   0x0800028c   0x00000000   Code   RO         5221    .ARM.Collect$$libinit$$00000021  c_w.l(libinit2.o)
    0x0800028c   0x0800028c   0x00000000   Code   RO         5223    .ARM.Collect$$libinit$$00000023  c_w.l(libinit2.o)
    0x0800028c   0x0800028c   0x00000000   Code   RO         5225    .ARM.Collect$$libinit$$00000025  c_w.l(libinit2.o)
    0x0800028c   0x0800028c   0x00000000   Code   RO         5229    .ARM.Collect$$libinit$$0000002C  c_w.l(libinit2.o)
    0x0800028c   0x0800028c   0x00000000   Code   RO         5231    .ARM.Collect$$libinit$$0000002E  c_w.l(libinit2.o)
    0x0800028c   0x0800028c   0x00000000   Code   RO         5233    .ARM.Collect$$libinit$$00000030  c_w.l(libinit2.o)
    0x0800028c   0x0800028c   0x00000000   Code   RO         5235    .ARM.Collect$$libinit$$00000032  c_w.l(libinit2.o)
    0x0800028c   0x0800028c   0x00000002   Code   RO         5236    .ARM.Collect$$libinit$$00000033  c_w.l(libinit2.o)
    0x0800028e   0x0800028e   0x00000002   Code   RO         5264    .ARM.Collect$$libshutdown$$00000000  c_w.l(libshutdown.o)
    0x08000290   0x08000290   0x00000000   Code   RO         5273    .ARM.Collect$$libshutdown$$00000002  c_w.l(libshutdown2.o)
    0x08000290   0x08000290   0x00000000   Code   RO         5275    .ARM.Collect$$libshutdown$$00000004  c_w.l(libshutdown2.o)
    0x08000290   0x08000290   0x00000000   Code   RO         5277    .ARM.Collect$$libshutdown$$00000006  c_w.l(libshutdown2.o)
    0x08000290   0x08000290   0x00000000   Code   RO         5280    .ARM.Collect$$libshutdown$$00000009  c_w.l(libshutdown2.o)
    0x08000290   0x08000290   0x00000000   Code   RO         5283    .ARM.Collect$$libshutdown$$0000000C  c_w.l(libshutdown2.o)
    0x08000290   0x08000290   0x00000000   Code   RO         5285    .ARM.Collect$$libshutdown$$0000000E  c_w.l(libshutdown2.o)
    0x08000290   0x08000290   0x00000000   Code   RO         5288    .ARM.Collect$$libshutdown$$00000011  c_w.l(libshutdown2.o)
    0x08000290   0x08000290   0x00000002   Code   RO         5289    .ARM.Collect$$libshutdown$$00000012  c_w.l(libshutdown2.o)
    0x08000292   0x08000292   0x00000000   Code   RO         5003    .ARM.Collect$$rtentry$$00000000  c_w.l(__rtentry.o)
    0x08000292   0x08000292   0x00000000   Code   RO         5109    .ARM.Collect$$rtentry$$00000002  c_w.l(__rtentry2.o)
    0x08000292   0x08000292   0x00000006   Code   RO         5121    .ARM.Collect$$rtentry$$00000004  c_w.l(__rtentry4.o)
    0x08000298   0x08000298   0x00000000   Code   RO         5111    .ARM.Collect$$rtentry$$00000009  c_w.l(__rtentry2.o)
    0x08000298   0x08000298   0x00000004   Code   RO         5112    .ARM.Collect$$rtentry$$0000000A  c_w.l(__rtentry2.o)
    0x0800029c   0x0800029c   0x00000000   Code   RO         5114    .ARM.Collect$$rtentry$$0000000C  c_w.l(__rtentry2.o)
    0x0800029c   0x0800029c   0x00000008   Code   RO         5115    .ARM.Collect$$rtentry$$0000000D  c_w.l(__rtentry2.o)
    0x080002a4   0x080002a4   0x00000002   Code   RO         5237    .ARM.Collect$$rtexit$$00000000  c_w.l(rtexit.o)
    0x080002a6   0x080002a6   0x00000000   Code   RO         5244    .ARM.Collect$$rtexit$$00000002  c_w.l(rtexit2.o)
    0x080002a6   0x080002a6   0x00000004   Code   RO         5245    .ARM.Collect$$rtexit$$00000003  c_w.l(rtexit2.o)
    0x080002aa   0x080002aa   0x00000006   Code   RO         5246    .ARM.Collect$$rtexit$$00000004  c_w.l(rtexit2.o)
    0x080002b0   0x080002b0   0x00000040   Code   RO            4  * .text               startup_stm32f427xx.o
    0x080002f0   0x080002f0   0x00000002   Code   RO         4813    .text               c_w.l(use_no_semi_2.o)
    0x080002f2   0x080002f2   0x00000002   PAD
    0x080002f4   0x080002f4   0x00000018   Code   RO         4819    .text               c_w.l(noretval__2printf.o)
    0x0800030c   0x0800030c   0x00000028   Code   RO         4821    .text               c_w.l(noretval__2sprintf.o)
    0x08000334   0x08000334   0x00000068   Code   RO         4823    .text               c_w.l(__printf.o)
    0x0800039c   0x0800039c   0x00000078   Code   RO         4825    .text               c_w.l(_printf_dec.o)
    0x08000414   0x08000414   0x00000064   Code   RO         4851    .text               c_w.l(rt_memcpy_w.o)
    0x08000478   0x08000478   0x00000006   Code   RO         4853    .text               c_w.l(heapauxi.o)
    0x0800047e   0x0800047e   0x00000002   Code   RO         5001    .text               c_w.l(use_no_semi.o)
    0x08000480   0x08000480   0x00000016   Code   RO         5004    .text               c_w.l(_rserrno.o)
    0x08000496   0x08000496   0x000000b2   Code   RO         5006    .text               c_w.l(_printf_intcommon.o)
    0x08000548   0x08000548   0x0000041e   Code   RO         5008    .text               c_w.l(_printf_fp_dec.o)
    0x08000966   0x08000966   0x00000002   PAD
    0x08000968   0x08000968   0x00000030   Code   RO         5010    .text               c_w.l(_printf_char_common.o)
    0x08000998   0x08000998   0x0000000a   Code   RO         5012    .text               c_w.l(_sputc.o)
    0x080009a2   0x080009a2   0x00000002   PAD
    0x080009a4   0x080009a4   0x00000024   Code   RO         5014    .text               c_w.l(_printf_char_file.o)
    0x080009c8   0x080009c8   0x00000008   Code   RO         5126    .text               c_w.l(rt_locale_intlibspace.o)
    0x080009d0   0x080009d0   0x00000008   Code   RO         5131    .text               c_w.l(rt_errno_addr_intlibspace.o)
    0x080009d8   0x080009d8   0x0000008a   Code   RO         5133    .text               c_w.l(lludiv10.o)
    0x08000a62   0x08000a62   0x00000002   PAD
    0x08000a64   0x08000a64   0x00000080   Code   RO         5135    .text               c_w.l(_printf_fp_infnan.o)
    0x08000ae4   0x08000ae4   0x000000e4   Code   RO         5139    .text               c_w.l(bigflt0.o)
    0x08000bc8   0x08000bc8   0x00000008   Code   RO         5164    .text               c_w.l(ferror.o)
    0x08000bd0   0x08000bd0   0x00000008   Code   RO         5177    .text               c_w.l(libspace.o)
    0x08000bd8   0x08000bd8   0x0000004a   Code   RO         5180    .text               c_w.l(sys_stackheap_outer.o)
    0x08000c22   0x08000c22   0x00000012   Code   RO         5182    .text               c_w.l(exit.o)
    0x08000c34   0x08000c34   0x00000080   Code   RO         5184    .text               c_w.l(strcmpv7m.o)
    0x08000cb4   0x08000cb4   0x0000003e   Code   RO         5142    CL$$btod_d2e        c_w.l(btod.o)
    0x08000cf2   0x08000cf2   0x00000046   Code   RO         5144    CL$$btod_d2e_denorm_low  c_w.l(btod.o)
    0x08000d38   0x08000d38   0x00000060   Code   RO         5143    CL$$btod_d2e_norm_op1  c_w.l(btod.o)
    0x08000d98   0x08000d98   0x00000338   Code   RO         5152    CL$$btod_div_common  c_w.l(btod.o)
    0x080010d0   0x080010d0   0x000000dc   Code   RO         5149    CL$$btod_e2e        c_w.l(btod.o)
    0x080011ac   0x080011ac   0x0000002a   Code   RO         5146    CL$$btod_ediv       c_w.l(btod.o)
    0x080011d6   0x080011d6   0x0000002a   Code   RO         5145    CL$$btod_emul       c_w.l(btod.o)
    0x08001200   0x08001200   0x00000244   Code   RO         5151    CL$$btod_mult_common  c_w.l(btod.o)
    0x08001444   0x08001444   0x00000080   Code   RO         3262    i.Angle_deal        can1.o
    0x080014c4   0x080014c4   0x000001fc   Code   RO         4252    i.Astrict_Acc       higher_class.o
    0x080016c0   0x080016c0   0x00000002   Code   RO         4721    i.BusFault_Handler  stm32f4xx_it.o
    0x080016c2   0x080016c2   0x00000002   PAD
    0x080016c4   0x080016c4   0x000000ec   Code   RO         3263    i.CAN1_Configuration  can1.o
    0x080017b0   0x080017b0   0x00000240   Code   RO         3264    i.CAN1_RX0_IRQHandler  can1.o
    0x080019f0   0x080019f0   0x00000074   Code   RO         3265    i.CAN1_SendCommand_chassis  can1.o
    0x08001a64   0x08001a64   0x000000b0   Code   RO         3266    i.CAN1_Send_Msg_gimbal  can1.o
    0x08001b14   0x08001b14   0x000000f0   Code   RO         3783    i.CAN2_Configuration  can2.o
    0x08001c04   0x08001c04   0x0000012c   Code   RO         3784    i.CAN2_RX0_IRQHandler  can2.o
    0x08001d30   0x08001d30   0x00000030   Code   RO          469    i.CAN_ClearFlag     stm32f4xx_can.o
    0x08001d60   0x08001d60   0x00000088   Code   RO          470    i.CAN_ClearITPendingBit  stm32f4xx_can.o
    0x08001de8   0x08001de8   0x00000038   Code   RO          472    i.CAN_DeInit        stm32f4xx_can.o
    0x08001e20   0x08001e20   0x000000d4   Code   RO          474    i.CAN_FilterInit    stm32f4xx_can.o
    0x08001ef4   0x08001ef4   0x000000cc   Code   RO          476    i.CAN_GetITStatus   stm32f4xx_can.o
    0x08001fc0   0x08001fc0   0x00000014   Code   RO          480    i.CAN_ITConfig      stm32f4xx_can.o
    0x08001fd4   0x08001fd4   0x00000104   Code   RO          481    i.CAN_Init          stm32f4xx_can.o
    0x080020d8   0x080020d8   0x00000082   Code   RO          484    i.CAN_Receive       stm32f4xx_can.o
    0x0800215a   0x0800215a   0x00000020   Code   RO          487    i.CAN_StructInit    stm32f4xx_can.o
    0x0800217a   0x0800217a   0x000000b6   Code   RO          489    i.CAN_Transmit      stm32f4xx_can.o
    0x08002230   0x08002230   0x00000088   Code   RO          490    i.CAN_TransmitStatus  stm32f4xx_can.o
    0x080022b8   0x080022b8   0x0000012c   Code   RO         4536    i.Chassis_AutoRotate  shoot.o
    0x080023e4   0x080023e4   0x00000040   Code   RO         4380    i.Chassis_Task      user_api.o
    0x08002424   0x08002424   0x0000014c   Code   RO         4381    i.Chassis_Task1     user_api.o
    0x08002570   0x08002570   0x0000000c   Code   RO          492    i.CheckITStatus     stm32f4xx_can.o
    0x0800257c   0x0800257c   0x00000104   Code   RO         3688    i.Comm_umpire_Init  comm_umpire.o
    0x08002680   0x08002680   0x00000038   Code   RO         3605    i.DMA2_Stream5_IRQHandler  remotecontrol.o
    0x080026b8   0x080026b8   0x00000028   Code   RO         3689    i.DMA2_Stream7_IRQHandler  comm_umpire.o
    0x080026e0   0x080026e0   0x0000002c   Code   RO          675    i.DMA_ClearFlag     stm32f4xx_dma.o
    0x0800270c   0x0800270c   0x0000002c   Code   RO          676    i.DMA_ClearITPendingBit  stm32f4xx_dma.o
    0x08002738   0x08002738   0x00000018   Code   RO          677    i.DMA_Cmd           stm32f4xx_dma.o
    0x08002750   0x08002750   0x0000012c   Code   RO          678    i.DMA_DeInit        stm32f4xx_dma.o
    0x0800287c   0x0800287c   0x00000006   Code   RO          683    i.DMA_GetCurrDataCounter  stm32f4xx_dma.o
    0x08002882   0x08002882   0x00000002   PAD
    0x08002884   0x08002884   0x00000034   Code   RO          686    i.DMA_GetFlagStatus  stm32f4xx_dma.o
    0x080028b8   0x080028b8   0x00000032   Code   RO          688    i.DMA_ITConfig      stm32f4xx_dma.o
    0x080028ea   0x080028ea   0x00000002   PAD
    0x080028ec   0x080028ec   0x00000054   Code   RO          689    i.DMA_Init          stm32f4xx_dma.o
    0x08002940   0x08002940   0x00000004   Code   RO          692    i.DMA_SetCurrDataCounter  stm32f4xx_dma.o
    0x08002944   0x08002944   0x0000011c   Code   RO         3690    i.DealDataPack      comm_umpire.o
    0x08002a60   0x08002a60   0x00000002   Code   RO         4722    i.DebugMon_Handler  stm32f4xx_it.o
    0x08002a62   0x08002a62   0x00000002   PAD
    0x08002a64   0x08002a64   0x00000080   Code   RO         4027    i.Decode_Frame      uart7.o
    0x08002ae4   0x08002ae4   0x000000a8   Code   RO         4537    i.Encoder_angle_conversion  shoot.o
    0x08002b8c   0x08002b8c   0x00000024   Code   RO         3606    i.FailSafe_Check    remotecontrol.o
    0x08002bb0   0x08002bb0   0x0000007c   Code   RO         1120    i.GPIO_Init         stm32f4xx_gpio.o
    0x08002c2c   0x08002c2c   0x00000020   Code   RO         1121    i.GPIO_PinAFConfig  stm32f4xx_gpio.o
    0x08002c4c   0x08002c4c   0x00000004   Code   RO         1127    i.GPIO_ResetBits    stm32f4xx_gpio.o
    0x08002c50   0x08002c50   0x00000004   Code   RO         1128    i.GPIO_SetBits      stm32f4xx_gpio.o
    0x08002c54   0x08002c54   0x00000028   Code   RO         3874    i.Get_CRC16_Check_Sum  crc.o
    0x08002c7c   0x08002c7c   0x0000001c   Code   RO         3875    i.Get_CRC8_Check_Sum  crc.o
    0x08002c98   0x08002c98   0x0000036c   Code   RO         4382    i.Get_Ctrl_Data     user_api.o
    0x08003004   0x08003004   0x000000a4   Code   RO         3607    i.Get_RC_Data       remotecontrol.o
    0x080030a8   0x080030a8   0x0000008c   Code   RO         3692    i.Get_UmpireData    comm_umpire.o
    0x08003134   0x08003134   0x00000150   Code   RO         4538    i.Gimbal_Ctrl       shoot.o
    0x08003284   0x08003284   0x00000014   Code   RO         4540    i.Gimbal_Ctrl_init  shoot.o
    0x08003298   0x08003298   0x00000002   Code   RO         4723    i.HardFault_Handler  stm32f4xx_it.o
    0x0800329a   0x0800329a   0x00000002   PAD
    0x0800329c   0x0800329c   0x000002c0   Code   RO         4324    i.IMUSO3Thread      imu.o
    0x0800355c   0x0800355c   0x00000068   Code   RO         3456    i.IMU_Init          mpu6500.o
    0x080035c4   0x080035c4   0x00000040   Code   RO         4325    i.IMU_Temp_Ctrl     imu.o
    0x08003604   0x08003604   0x00000180   Code   RO         4091    i.Inverse_Kinematic_Ctrl  ctrl_chassis.o
    0x08003784   0x08003784   0x000000ae   Code   RO         3608    i.KeyDataProcess    remotecontrol.o
    0x08003832   0x08003832   0x00000002   PAD
    0x08003834   0x08003834   0x00000060   Code   RO         3335    i.LED_Init          led.o
    0x08003894   0x08003894   0x00000088   Code   RO         4153    i.LPF2pApply_1      filter.o
    0x0800391c   0x0800391c   0x00000088   Code   RO         4154    i.LPF2pApply_2      filter.o
    0x080039a4   0x080039a4   0x00000088   Code   RO         4155    i.LPF2pApply_3      filter.o
    0x08003a2c   0x08003a2c   0x00000088   Code   RO         4156    i.LPF2pApply_4      filter.o
    0x08003ab4   0x08003ab4   0x00000088   Code   RO         4157    i.LPF2pApply_5      filter.o
    0x08003b3c   0x08003b3c   0x00000088   Code   RO         4158    i.LPF2pApply_6      filter.o
    0x08003bc4   0x08003bc4   0x000000ac   Code   RO         4159    i.LPF2pSetCutoffFreq_1  filter.o
    0x08003c70   0x08003c70   0x000000ac   Code   RO         4160    i.LPF2pSetCutoffFreq_2  filter.o
    0x08003d1c   0x08003d1c   0x000000ac   Code   RO         4161    i.LPF2pSetCutoffFreq_3  filter.o
    0x08003dc8   0x08003dc8   0x000000ac   Code   RO         4162    i.LPF2pSetCutoffFreq_4  filter.o
    0x08003e74   0x08003e74   0x000000ac   Code   RO         4163    i.LPF2pSetCutoffFreq_5  filter.o
    0x08003f20   0x08003f20   0x000000ac   Code   RO         4164    i.LPF2pSetCutoffFreq_6  filter.o
    0x08003fcc   0x08003fcc   0x00000034   Code   RO         3336    i.Laser_Init        led.o
    0x08004000   0x08004000   0x00000044   Code   RO         3460    i.MPU6050AccRead    mpu6500.o
    0x08004044   0x08004044   0x00000044   Code   RO         3461    i.MPU6050GyroRead   mpu6500.o
    0x08004088   0x08004088   0x0000004c   Code   RO         3462    i.MPU6500_Init      mpu6500.o
    0x080040d4   0x080040d4   0x0000002c   Code   RO         3463    i.MPU6500_Read_Reg  mpu6500.o
    0x08004100   0x08004100   0x00000030   Code   RO         3465    i.MPU6500_Write_Reg  mpu6500.o
    0x08004130   0x08004130   0x000000f0   Code   RO         4253    i.Matrix_Translate  higher_class.o
    0x08004220   0x08004220   0x00000002   Code   RO         4724    i.MemManage_Handler  stm32f4xx_it.o
    0x08004222   0x08004222   0x00000002   Code   RO         4725    i.NMI_Handler       stm32f4xx_it.o
    0x08004224   0x08004224   0x00000068   Code   RO          156    i.NVIC_Init         misc.o
    0x0800428c   0x0800428c   0x00000014   Code   RO          157    i.NVIC_PriorityGroupConfig  misc.o
    0x080042a0   0x080042a0   0x000001c8   Code   RO         4326    i.NonlinearSO3AHRSinit  imu.o
    0x08004468   0x08004468   0x0000041c   Code   RO         4327    i.NonlinearSO3AHRSupdate  imu.o
    0x08004884   0x08004884   0x00000150   Code   RO         4471    i.PID_Control       pid.o
    0x080049d4   0x080049d4   0x00000028   Code   RO         3557    i.PWM_Write         pwm.o
    0x080049fc   0x080049fc   0x00000002   Code   RO         4726    i.PendSV_Handler    stm32f4xx_it.o
    0x080049fe   0x080049fe   0x00000002   PAD
    0x08004a00   0x08004a00   0x00000054   Code   RO         4541    i.Pitch_pid         shoot.o
    0x08004a54   0x08004a54   0x0000001c   Code   RO         1563    i.RCC_AHB1PeriphClockCmd  stm32f4xx_rcc.o
    0x08004a70   0x08004a70   0x0000001c   Code   RO         1572    i.RCC_APB1PeriphClockCmd  stm32f4xx_rcc.o
    0x08004a8c   0x08004a8c   0x0000001c   Code   RO         1574    i.RCC_APB1PeriphResetCmd  stm32f4xx_rcc.o
    0x08004aa8   0x08004aa8   0x0000001c   Code   RO         1575    i.RCC_APB2PeriphClockCmd  stm32f4xx_rcc.o
    0x08004ac4   0x08004ac4   0x0000001c   Code   RO         1577    i.RCC_APB2PeriphResetCmd  stm32f4xx_rcc.o
    0x08004ae0   0x08004ae0   0x000000a4   Code   RO         1584    i.RCC_GetClocksFreq  stm32f4xx_rcc.o
    0x08004b84   0x08004b84   0x00000118   Code   RO         3609    i.RC_Init           remotecontrol.o
    0x08004c9c   0x08004c9c   0x00000114   Code   RO         3467    i.ReadIMUSensorHandle  mpu6500.o
    0x08004db0   0x08004db0   0x000000d4   Code   RO         3656    i.SPI5_Init         spi.o
    0x08004e84   0x08004e84   0x00000054   Code   RO         3657    i.SPI5_ReadWriteByte  spi.o
    0x08004ed8   0x08004ed8   0x00000018   Code   RO         2159    i.SPI_Cmd           stm32f4xx_spi.o
    0x08004ef0   0x08004ef0   0x0000000e   Code   RO         2167    i.SPI_I2S_GetFlagStatus  stm32f4xx_spi.o
    0x08004efe   0x08004efe   0x00000004   Code   RO         2170    i.SPI_I2S_ReceiveData  stm32f4xx_spi.o
    0x08004f02   0x08004f02   0x00000004   Code   RO         2171    i.SPI_I2S_SendData  stm32f4xx_spi.o
    0x08004f06   0x08004f06   0x00000038   Code   RO         2172    i.SPI_Init          stm32f4xx_spi.o
    0x08004f3e   0x08004f3e   0x00000002   Code   RO         4727    i.SVC_Handler       stm32f4xx_it.o
    0x08004f40   0x08004f40   0x000000d4   Code   RO           12    i.SetSysClock       system_stm32f4xx.o
    0x08005014   0x08005014   0x000000bc   Code   RO         4383    i.Shoot_Ctrl        user_api.o
    0x080050d0   0x080050d0   0x0000001c   Code   RO         4028    i.SumCkeck          uart7.o
    0x080050ec   0x080050ec   0x00000010   Code   RO         4728    i.SysTick_Handler   stm32f4xx_it.o
    0x080050fc   0x080050fc   0x0000005c   Code   RO           14    i.SystemInit        system_stm32f4xx.o
    0x08005158   0x08005158   0x000000bc   Code   RO         3560    i.TIM3_PWM_Init     pwm.o
    0x08005214   0x08005214   0x00000094   Code   RO         3828    i.TIM4_IRQHandler   timer.o
    0x080052a8   0x080052a8   0x00000064   Code   RO         3829    i.TIM4_Int_Init     timer.o
    0x0800530c   0x0800530c   0x00000018   Code   RO         2377    i.TIM_ARRPreloadConfig  stm32f4xx_tim.o
    0x08005324   0x08005324   0x00000006   Code   RO         2384    i.TIM_ClearITPendingBit  stm32f4xx_tim.o
    0x0800532a   0x0800532a   0x00000018   Code   RO         2389    i.TIM_Cmd           stm32f4xx_tim.o
    0x08005342   0x08005342   0x0000001c   Code   RO         2391    i.TIM_CtrlPWMOutputs  stm32f4xx_tim.o
    0x0800535e   0x0800535e   0x00000002   PAD
    0x08005360   0x08005360   0x000001ac   Code   RO         2394    i.TIM_DeInit        stm32f4xx_tim.o
    0x0800550c   0x0800550c   0x00000018   Code   RO         2410    i.TIM_GetITStatus   stm32f4xx_tim.o
    0x08005524   0x08005524   0x00000014   Code   RO         2414    i.TIM_ITConfig      stm32f4xx_tim.o
    0x08005538   0x08005538   0x00000068   Code   RO         2418    i.TIM_OC1Init       stm32f4xx_tim.o
    0x080055a0   0x080055a0   0x0000000c   Code   RO         2421    i.TIM_OC1PreloadConfig  stm32f4xx_tim.o
    0x080055ac   0x080055ac   0x00000088   Code   RO         2423    i.TIM_OC2Init       stm32f4xx_tim.o
    0x08005634   0x08005634   0x00000014   Code   RO         2426    i.TIM_OC2PreloadConfig  stm32f4xx_tim.o
    0x08005648   0x08005648   0x00000064   Code   RO         2433    i.TIM_OC4Init       stm32f4xx_tim.o
    0x080056ac   0x080056ac   0x00000014   Code   RO         2435    i.TIM_OC4PreloadConfig  stm32f4xx_tim.o
    0x080056c0   0x080056c0   0x0000007c   Code   RO         2461    i.TIM_TimeBaseInit  stm32f4xx_tim.o
    0x0800573c   0x0800573c   0x00000234   Code   RO         4476    i.Total_PID_Init    pid.o
    0x08005970   0x08005970   0x000000f0   Code   RO         4029    i.UART7_CommandRoute  uart7.o
    0x08005a60   0x08005a60   0x0000004c   Code   RO         4030    i.UART7_IRQHandler  uart7.o
    0x08005aac   0x08005aac   0x00000024   Code   RO         4031    i.UART7_Tx          uart7.o
    0x08005ad0   0x08005ad0   0x00000074   Code   RO         3695    i.USART6_IRQHandler  comm_umpire.o
    0x08005b44   0x08005b44   0x00000010   Code   RO         2936    i.USART_ClearITPendingBit  stm32f4xx_usart.o
    0x08005b54   0x08005b54   0x00000018   Code   RO         2939    i.USART_Cmd         stm32f4xx_usart.o
    0x08005b6c   0x08005b6c   0x00000014   Code   RO         2940    i.USART_DMACmd      stm32f4xx_usart.o
    0x08005b80   0x08005b80   0x00000100   Code   RO         2941    i.USART_DeInit      stm32f4xx_usart.o
    0x08005c80   0x08005c80   0x0000000e   Code   RO         2942    i.USART_GetFlagStatus  stm32f4xx_usart.o
    0x08005c8e   0x08005c8e   0x00000040   Code   RO         2943    i.USART_GetITStatus  stm32f4xx_usart.o
    0x08005cce   0x08005cce   0x00000036   Code   RO         2945    i.USART_ITConfig    stm32f4xx_usart.o
    0x08005d04   0x08005d04   0x000000bc   Code   RO         2946    i.USART_Init        stm32f4xx_usart.o
    0x08005dc0   0x08005dc0   0x00000008   Code   RO         2953    i.USART_ReceiveData  stm32f4xx_usart.o
    0x08005dc8   0x08005dc8   0x00000008   Code   RO         2956    i.USART_SendData    stm32f4xx_usart.o
    0x08005dd0   0x08005dd0   0x00000002   Code   RO         4729    i.UsageFault_Handler  stm32f4xx_it.o
    0x08005dd2   0x08005dd2   0x00000002   PAD
    0x08005dd4   0x08005dd4   0x00000028   Code   RO         4032    i.Usart_SendString  uart7.o
    0x08005dfc   0x08005dfc   0x00000034   Code   RO         3876    i.Verify_CRC16_Check_Sum  crc.o
    0x08005e30   0x08005e30   0x0000002e   Code   RO         3877    i.Verify_CRC8_Check_Sum  crc.o
    0x08005e5e   0x08005e5e   0x00000002   PAD
    0x08005e60   0x08005e60   0x00000144   Code   RO         4542    i.Yaw_angle_pid     shoot.o
    0x08005fa4   0x08005fa4   0x00000030   Code   RO         5173    i.__ARM_fpclassify  m_wm.l(fpclassify.o)
    0x08005fd4   0x08005fd4   0x00000026   Code   RO         5065    i.__ARM_fpclassifyf  m_wm.l(fpclassifyf.o)
    0x08005ffa   0x08005ffa   0x00000012   Code   RO         4165    i.__ARM_isinff      filter.o
    0x0800600c   0x0800600c   0x0000000c   Code   RO         4166    i.__ARM_isnanf      filter.o
    0x08006018   0x08006018   0x0000012c   Code   RO         4887    i.__hardfp_asinf    m_wm.l(asinf.o)
    0x08006144   0x08006144   0x00000004   PAD
    0x08006148   0x08006148   0x000002d8   Code   RO         5034    i.__hardfp_atan     m_wm.l(atan.o)
    0x08006420   0x08006420   0x00000200   Code   RO         4899    i.__hardfp_atan2    m_wm.l(atan2.o)
    0x08006620   0x08006620   0x000002ac   Code   RO         4911    i.__hardfp_atan2f   m_wm.l(atan2f.o)
    0x080068cc   0x080068cc   0x00000004   PAD
    0x080068d0   0x080068d0   0x000000c8   Code   RO         4923    i.__hardfp_cos      m_wm.l(cos.o)
    0x08006998   0x08006998   0x00000150   Code   RO         4935    i.__hardfp_cosf     m_wm.l(cosf.o)
    0x08006ae8   0x08006ae8   0x00000014   Code   RO         4947    i.__hardfp_fabs     m_wm.l(fabs.o)
    0x08006afc   0x08006afc   0x00000004   PAD
    0x08006b00   0x08006b00   0x000000c8   Code   RO         4953    i.__hardfp_sin      m_wm.l(sin.o)
    0x08006bc8   0x08006bc8   0x00000190   Code   RO         4965    i.__hardfp_sinf     m_wm.l(sinf.o)
    0x08006d58   0x08006d58   0x0000007a   Code   RO         4977    i.__hardfp_sqrt     m_wm.l(sqrt.o)
    0x08006dd2   0x08006dd2   0x00000002   PAD
    0x08006dd4   0x08006dd4   0x0000017c   Code   RO         4989    i.__hardfp_tanf     m_wm.l(tanf.o)
    0x08006f50   0x08006f50   0x00000438   Code   RO         5082    i.__ieee754_rem_pio2  m_wm.l(rred.o)
    0x08007388   0x08007388   0x00000170   Code   RO         5048    i.__kernel_cos      m_wm.l(cos_i.o)
    0x080074f8   0x080074f8   0x000000f8   Code   RO         5175    i.__kernel_poly     m_wm.l(poly.o)
    0x080075f0   0x080075f0   0x00000130   Code   RO         5090    i.__kernel_sin      m_wm.l(sin_i.o)
    0x08007720   0x08007720   0x00000014   Code   RO         5052    i.__mathlib_dbl_infnan  m_wm.l(dunder.o)
    0x08007734   0x08007734   0x00000014   Code   RO         5053    i.__mathlib_dbl_infnan2  m_wm.l(dunder.o)
    0x08007748   0x08007748   0x00000020   Code   RO         5054    i.__mathlib_dbl_invalid  m_wm.l(dunder.o)
    0x08007768   0x08007768   0x00000020   Code   RO         5057    i.__mathlib_dbl_underflow  m_wm.l(dunder.o)
    0x08007788   0x08007788   0x00000006   Code   RO         5068    i.__mathlib_flt_infnan  m_wm.l(funder.o)
    0x0800778e   0x0800778e   0x00000006   Code   RO         5069    i.__mathlib_flt_infnan2  m_wm.l(funder.o)
    0x08007794   0x08007794   0x00000010   Code   RO         5070    i.__mathlib_flt_invalid  m_wm.l(funder.o)
    0x080077a4   0x080077a4   0x00000010   Code   RO         5073    i.__mathlib_flt_underflow  m_wm.l(funder.o)
    0x080077b4   0x080077b4   0x00000154   Code   RO         5087    i.__mathlib_rredf2  m_wm.l(rredf.o)
    0x08007908   0x08007908   0x00000002   Code   RO         3193    i._sys_exit         usart.o
    0x0800790a   0x0800790a   0x00000010   Code   RO         5036    i.atan              m_wm.l(atan.o)
    0x0800791a   0x0800791a   0x00000002   PAD
    0x0800791c   0x0800791c   0x000001d0   Code   RO         4543    i.cv_yaw_pitch_autorotate  shoot.o
    0x08007aec   0x08007aec   0x00000020   Code   RO         4730    i.cycleCounterInit  stm32f4xx_it.o
    0x08007b0c   0x08007b0c   0x00000020   Code   RO         3125    i.delay_ms          delay.o
    0x08007b2c   0x08007b2c   0x00000044   Code   RO         3760    i.digital_init      digital.o
    0x08007b70   0x08007b70   0x00000050   Code   RO         4092    i.encoders_err      ctrl_chassis.o
    0x08007bc0   0x08007bc0   0x00000048   Code   RO         4544    i.encoders_err_shoot  shoot.o
    0x08007c08   0x08007c08   0x00000018   Code   RO         4949    i.fabs              m_wm.l(fabs.o)
    0x08007c20   0x08007c20   0x00000018   Code   RO         3194    i.fputc             usart.o
    0x08007c38   0x08007c38   0x00000008   Code   RO         3921    i.fric1_on          fric.o
    0x08007c40   0x08007c40   0x00000008   Code   RO         3922    i.fric2_on          fric.o
    0x08007c48   0x08007c48   0x00000138   Code   RO         3923    i.fric_PWM_configuration  fric.o
    0x08007d80   0x08007d80   0x0000001a   Code   RO         3924    i.fric_off          fric.o
    0x08007d9a   0x08007d9a   0x00000002   PAD
    0x08007d9c   0x08007d9c   0x00000068   Code   RO         4328    i.invSqrt           imu.o
    0x08007e04   0x08007e04   0x00000074   Code   RO         3267    i.kalman            can1.o
    0x08007e78   0x08007e78   0x00000010   Code   RO         3338    i.laser_on          led.o
    0x08007e88   0x08007e88   0x00000350   Code   RO         4657    i.main              main.o
    0x080081d8   0x080081d8   0x00000038   Code   RO         4731    i.micros            stm32f4xx_it.o
    0x08008210   0x08008210   0x00000168   Code   RO         4093    i.motor_angle_ctrl  ctrl_chassis.o
    0x08008378   0x08008378   0x00000194   Code   RO         4545    i.motor_angle_pid   shoot.o
    0x0800850c   0x0800850c   0x0000005c   Code   RO         4094    i.motor_speed_ctrl  ctrl_chassis.o
    0x08008568   0x08008568   0x00000044   Code   RO         3986    i.power_ctrl_configuration  power_ctrl.o
    0x080085ac   0x080085ac   0x00000018   Code   RO         3987    i.power_ctrl_off    power_ctrl.o
    0x080085c4   0x080085c4   0x00000018   Code   RO         4546    i.shoot_control_loop  shoot.o
    0x080085dc   0x080085dc   0x0000003e   Code   RO         5098    i.sqrtf             m_wm.l(sqrtf.o)
    0x0800861a   0x0800861a   0x00000002   PAD
    0x0800861c   0x0800861c   0x000000ac   Code   RO         4033    i.usart7_init       uart7.o
    0x080086c8   0x080086c8   0x00000044   Code   RO         4095    i.virtual_encoders  ctrl_chassis.o
    0x0800870c   0x0800870c   0x00000028   Code   RO         4549    i.virtual_encoders_shoot  shoot.o
    0x08008734   0x08008734   0x0000002c   Code   RO         5169    locale$$code        c_w.l(lc_numeric_c.o)
    0x08008760   0x08008760   0x00000018   Code   RO         5017    x$fpl$basic         fz_wm.l(basic.o)
    0x08008778   0x08008778   0x00000062   Code   RO         4857    x$fpl$d2f           fz_wm.l(d2f.o)
    0x080087da   0x080087da   0x00000002   PAD
    0x080087dc   0x080087dc   0x00000150   Code   RO         4859    x$fpl$dadd          fz_wm.l(daddsub_clz.o)
    0x0800892c   0x0800892c   0x00000018   Code   RO         5019    x$fpl$dcmpinf       fz_wm.l(dcmpi.o)
    0x08008944   0x08008944   0x000002b0   Code   RO         4866    x$fpl$ddiv          fz_wm.l(ddiv.o)
    0x08008bf4   0x08008bf4   0x00000078   Code   RO         5021    x$fpl$deqf          fz_wm.l(deqf.o)
    0x08008c6c   0x08008c6c   0x0000005e   Code   RO         4869    x$fpl$dfix          fz_wm.l(dfix.o)
    0x08008cca   0x08008cca   0x0000002e   Code   RO         4874    x$fpl$dflt          fz_wm.l(dflt_clz.o)
    0x08008cf8   0x08008cf8   0x00000026   Code   RO         4873    x$fpl$dfltu         fz_wm.l(dflt_clz.o)
    0x08008d1e   0x08008d1e   0x00000002   PAD
    0x08008d20   0x08008d20   0x00000078   Code   RO         4879    x$fpl$dleqf         fz_wm.l(dleqf.o)
    0x08008d98   0x08008d98   0x00000154   Code   RO         4881    x$fpl$dmul          fz_wm.l(dmul.o)
    0x08008eec   0x08008eec   0x0000009c   Code   RO         5023    x$fpl$dnaninf       fz_wm.l(dnaninf.o)
    0x08008f88   0x08008f88   0x0000000c   Code   RO         5025    x$fpl$dretinf       fz_wm.l(dretinf.o)
    0x08008f94   0x08008f94   0x00000016   Code   RO         4860    x$fpl$drsb          fz_wm.l(daddsub_clz.o)
    0x08008faa   0x08008faa   0x00000002   PAD
    0x08008fac   0x08008fac   0x00000198   Code   RO         5027    x$fpl$dsqrt         fz_wm.l(dsqrt_umaal.o)
    0x08009144   0x08009144   0x000001d4   Code   RO         4861    x$fpl$dsub          fz_wm.l(daddsub_clz.o)
    0x08009318   0x08009318   0x00000056   Code   RO         4883    x$fpl$f2d           fz_wm.l(f2d.o)
    0x0800936e   0x0800936e   0x0000008c   Code   RO         5029    x$fpl$fnaninf       fz_wm.l(fnaninf.o)
    0x080093fa   0x080093fa   0x0000000a   Code   RO         5241    x$fpl$fpinit        fz_wm.l(fpinit.o)
    0x08009404   0x08009404   0x0000000a   Code   RO         5031    x$fpl$fretinf       fz_wm.l(fretinf.o)
    0x0800940e   0x0800940e   0x00000004   Code   RO         4885    x$fpl$printf1       fz_wm.l(printf1.o)
    0x08009412   0x08009412   0x00000000   Code   RO         5033    x$fpl$usenofp       fz_wm.l(usenofp.o)
    0x08009412   0x08009412   0x00000002   PAD
    0x08009414   0x08009414   0x00000014   Data   RO         3469    .constdata          mpu6500.o
    0x08009428   0x08009428   0x00000300   Data   RO         3879    .constdata          crc.o
    0x08009728   0x08009728   0x00000024   Data   RO         4330    .constdata          imu.o
    0x0800974c   0x0800974c   0x00000004   PAD
    0x08009750   0x08009750   0x00000098   Data   RO         5037    .constdata          m_wm.l(atan.o)
    0x080097e8   0x080097e8   0x00000030   Data   RO         5049    .constdata          m_wm.l(cos_i.o)
    0x08009818   0x08009818   0x00000008   Data   RO         5081    .constdata          m_wm.l(qnan.o)
    0x08009820   0x08009820   0x000000c8   Data   RO         5084    .constdata          m_wm.l(rred.o)
    0x080098e8   0x080098e8   0x00000020   Data   RO         5088    .constdata          m_wm.l(rredf.o)
    0x08009908   0x08009908   0x00000028   Data   RO         5091    .constdata          m_wm.l(sin_i.o)
    0x08009930   0x08009930   0x00000094   Data   RO         5140    .constdata          c_w.l(bigflt0.o)
    0x080099c4   0x080099c4   0x00000020   Data   RO         5314    Region$$Table       anon$$obj.o
    0x080099e4   0x080099e4   0x0000001c   Data   RO         5168    locale$$data        c_w.l(lc_numeric_c.o)


    Execution Region ER_RW (Exec base: 0x20000000, Load base: 0x08009a00, Size: 0x0000024c, Max: 0xffffffff, ABSOLUTE, COMPRESSED[0x0000003c])

    Exec Addr    Load Addr    Size         Type   Attr      Idx    E Section Name        Object

    0x20000000   COMPRESSED   0x00000014   Data   RW           15    .data               system_stm32f4xx.o
    0x20000014   COMPRESSED   0x00000010   Data   RW         1616    .data               stm32f4xx_rcc.o
    0x20000024   COMPRESSED   0x00000004   Data   RW         3195    .data               usart.o
    0x20000028   COMPRESSED   0x00000038   Data   RW         3269    .data               can1.o
    0x20000060   COMPRESSED   0x00000006   Data   RW         3470    .data               mpu6500.o
    0x20000066   COMPRESSED   0x00000001   Data   RW         3611    .data               remotecontrol.o
    0x20000067   COMPRESSED   0x00000016   Data   RW         3697    .data               comm_umpire.o
    0x2000007d   COMPRESSED   0x00000008   Data   RW         3788    .data               can2.o
    0x20000085   COMPRESSED   0x0000000c   Data   RW         3830    .data               timer.o
    0x20000091   COMPRESSED   0x00000001   PAD
    0x20000092   COMPRESSED   0x00000002   Data   RW         3880    .data               crc.o
    0x20000094   COMPRESSED   0x00000002   Data   RW         4036    .data               uart7.o
    0x20000096   COMPRESSED   0x00000008   Data   RW         4097    .data               ctrl_chassis.o
    0x2000009e   COMPRESSED   0x00000002   PAD
    0x200000a0   COMPRESSED   0x000000c0   Data   RW         4167    .data               filter.o
    0x20000160   COMPRESSED   0x00000018   Data   RW         4255    .data               higher_class.o
    0x20000178   COMPRESSED   0x00000054   Data   RW         4331    .data               imu.o
    0x200001cc   COMPRESSED   0x0000001c   Data   RW         4395    .data               user_api.o
    0x200001e8   COMPRESSED   0x00000044   Data   RW         4551    .data               shoot.o
    0x2000022c   COMPRESSED   0x00000002   Data   RW         4553    .data               shoot.o
    0x2000022e   COMPRESSED   0x00000002   Data   RW         4554    .data               shoot.o
    0x20000230   COMPRESSED   0x00000004   Data   RW         4555    .data               shoot.o
    0x20000234   COMPRESSED   0x00000004   Data   RW         4556    .data               shoot.o
    0x20000238   COMPRESSED   0x0000000c   Data   RW         4658    .data               main.o
    0x20000244   COMPRESSED   0x00000008   Data   RW         4733    .data               stm32f4xx_it.o


    Execution Region ER_ZI (Exec base: 0x2000024c, Load base: 0x08009a3c, Size: 0x00001e14, Max: 0xffffffff, ABSOLUTE)

    Exec Addr    Load Addr    Size         Type   Attr      Idx    E Section Name        Object

    0x2000024c        -       0x00000098   Zero   RW         3268    .bss                can1.o
    0x200002e4        -       0x000000c4   Zero   RW         3468    .bss                mpu6500.o
    0x200003a8        -       0x0000003e   Zero   RW         3610    .bss                remotecontrol.o
    0x200003e6        -       0x000000ec   Zero   RW         3696    .bss                comm_umpire.o
    0x200004d2   0x08009a3c   0x00000002   PAD
    0x200004d4        -       0x0000000c   Zero   RW         3787    .bss                can2.o
    0x200004e0        -       0x00000034   Zero   RW         4034    .bss                uart7.o
    0x20000514        -       0x00000090   Zero   RW         4096    .bss                ctrl_chassis.o
    0x200005a4        -       0x00000018   Zero   RW         4329    .bss                imu.o
    0x200005bc        -       0x00000014   Zero   RW         4384    .bss                user_api.o
    0x200005d0        -       0x00000570   Zero   RW         4477    .bss                pid.o
    0x20000b40        -       0x000000bc   Zero   RW         4550    .bss                shoot.o
    0x20000bfc        -       0x00000060   Zero   RW         5178    .bss                c_w.l(libspace.o)
    0x20000c5c   0x08009a3c   0x00000004   PAD
    0x20000c60        -       0x00001000   Zero   RW            2    HEAP                startup_stm32f427xx.o
    0x20001c60        -       0x00000400   Zero   RW            1    STACK               startup_stm32f427xx.o


==============================================================================

Image component sizes


      Code (inc. data)   RO Data    RW Data    ZI Data      Debug   Object Name

      1348         64          0         56        152       6741   can1.o
       540         84          0          8         12       2442   can2.o
       840         78          0         22        236       5931   comm_umpire.o
       166         14        768          2          0       3553   crc.o
       984         86          0          8        144       6096   ctrl_chassis.o
        32          0          0          0          0        535   delay.o
        68          6          0          0          0        519   digital.o
      1878        108          0        192          0      16235   filter.o
       354         18          0          0          0       2158   fric.o
       748         46          0         24          0       2252   higher_class.o
      2380         70         36         84         24       6817   imu.o
       164         18          0          0          0       9339   led.o
       848        110          0         12          0      28036   main.o
       124         16          0          0          0     245451   misc.o
       684         62         20          6        196       9659   mpu6500.o
       900         88          0          0       1392       3708   pid.o
        92         12          0          0          0       1144   power_ctrl.o
       228         12          0          0          0       1240   pwm.o
       710         52          0          1         62       5450   remotecontrol.o
      2236        336          0         80        188      10210   shoot.o
       296         14          0          0          0       1365   spi.o
        64         26        428          0       5120        876   startup_stm32f427xx.o
      1428         46          0          0          0       9573   stm32f4xx_can.o
       608         62          0          0          0       7199   stm32f4xx_dma.o
       164          0          0          0          0       2871   stm32f4xx_gpio.o
       120         20          0          8          0       5522   stm32f4xx_it.o
       304         46          0         16          0       6029   stm32f4xx_rcc.o
       102          0          0          0          0       3542   stm32f4xx_spi.o
      1070        104          0          0          0      10766   stm32f4xx_tim.o
       652         40          0          0          0       8037   stm32f4xx_usart.o
       304         34          0         20          0      75257   system_stm32f4xx.o
       248         16          0         12          0       1910   timer.o
       720         68          0          2         52       5629   uart7.o
        26          6          0          4          0       2726   usart.o
      1460        150          0         28         20       6046   user_api.o

    ----------------------------------------------------------------------
     22912       1912       1288        588       7600     514864   Object Totals
         0          0         32          0          0          0   (incl. Generated)
        22          0          4          3          2          0   (incl. Padding)

    ----------------------------------------------------------------------

      Code (inc. data)   RO Data    RW Data    ZI Data      Debug   Library Member Name

        90          0          0          0          0          0   __dczerorl2.o
         8          0          0          0          0         68   __main.o
       104          0          0          0          0         84   __printf.o
         0          0          0          0          0          0   __rtentry.o
        12          0          0          0          0          0   __rtentry2.o
         6          0          0          0          0          0   __rtentry4.o
        52          8          0          0          0          0   __scatter.o
        28          0          0          0          0          0   __scatter_zi.o
        48          6          0          0          0         96   _printf_char_common.o
        36          4          0          0          0         80   _printf_char_file.o
       120         16          0          0          0         92   _printf_dec.o
         6          0          0          0          0          0   _printf_f.o
      1054          0          0          0          0        216   _printf_fp_dec.o
       128         16          0          0          0         84   _printf_fp_infnan.o
         6          0          0          0          0          0   _printf_g.o
         6          0          0          0          0          0   _printf_i.o
       178          0          0          0          0         88   _printf_intcommon.o
         0          0          0          0          0          0   _printf_percent.o
         4          0          0          0          0          0   _printf_percent_end.o
        22          0          0          0          0        100   _rserrno.o
        10          0          0          0          0         68   _sputc.o
       228          4        148          0          0         96   bigflt0.o
      1936        128          0          0          0        672   btod.o
        18          0          0          0          0         80   exit.o
         8          0          0          0          0         68   ferror.o
         6          0          0          0          0        152   heapauxi.o
        44         10         28          0          0         76   lc_numeric_c.o
         2          0          0          0          0          0   libinit.o
        22          0          0          0          0          0   libinit2.o
         2          0          0          0          0          0   libshutdown.o
         2          0          0          0          0          0   libshutdown2.o
         8          4          0          0         96         68   libspace.o
       138          0          0          0          0         80   lludiv10.o
        24          4          0          0          0         84   noretval__2printf.o
        40          6          0          0          0         84   noretval__2sprintf.o
         8          4          0          0          0         68   rt_errno_addr_intlibspace.o
         8          4          0          0          0         68   rt_locale_intlibspace.o
       100          0          0          0          0         80   rt_memcpy_w.o
         2          0          0          0          0          0   rtexit.o
        10          0          0          0          0          0   rtexit2.o
       128          0          0          0          0         68   strcmpv7m.o
        74          0          0          0          0         80   sys_stackheap_outer.o
         2          0          0          0          0         68   use_no_semi.o
         2          0          0          0          0         68   use_no_semi_2.o
        24          0          0          0          0        164   basic.o
        98          4          0          0          0        140   d2f.o
       826         16          0          0          0        492   daddsub_clz.o
        24          0          0          0          0        116   dcmpi.o
       688        140          0          0          0        256   ddiv.o
       120          4          0          0          0        140   deqf.o
        94          4          0          0          0        140   dfix.o
        84          0          0          0          0        232   dflt_clz.o
       120          4          0          0          0        140   dleqf.o
       340         12          0          0          0        152   dmul.o
       156          4          0          0          0        140   dnaninf.o
        12          0          0          0          0        116   dretinf.o
       408         56          0          0          0        168   dsqrt_umaal.o
        86          4          0          0          0        132   f2d.o
       140          4          0          0          0        132   fnaninf.o
        10          0          0          0          0        116   fpinit.o
        10          0          0          0          0        116   fretinf.o
         4          0          0          0          0        116   printf1.o
         0          0          0          0          0          0   usenofp.o
       300         42          0          0          0        176   asinf.o
       744        106        152          0          0        352   atan.o
       512         64          0          0          0        208   atan2.o
       684         90          0          0          0        208   atan2f.o
       200         20          0          0          0        164   cos.o
       368         46         48          0          0        200   cos_i.o
       336         56          0          0          0        136   cosf.o
       104         16          0          0          0        496   dunder.o
        44          0          0          0          0        248   fabs.o
        48          0          0          0          0        124   fpclassify.o
        38          0          0          0          0        116   fpclassifyf.o
        44         12          0          0          0        464   funder.o
       248          0          0          0          0        152   poly.o
         0          0          8          0          0          0   qnan.o
      1080        142        200          0          0        188   rred.o
       340         24         32          0          0        160   rredf.o
       200         20          0          0          0        164   sin.o
       304         24         40          0          0        208   sin_i.o
       400         56          0          0          0        212   sinf.o
       122          0          0          0          0        148   sqrt.o
        62          0          0          0          0        136   sqrtf.o
       380         58          0          0          0        200   tanf.o

    ----------------------------------------------------------------------
     14568       1250        656          0        100      10404   Library Totals
        36          8          0          0          4          0   (incl. Padding)

    ----------------------------------------------------------------------

      Code (inc. data)   RO Data    RW Data    ZI Data      Debug   Library Name

      4730        214        176          0         96       2936   c_w.l
      3244        252          0          0          0       3008   fz_wm.l
      6558        776        480          0          0       4460   m_wm.l

    ----------------------------------------------------------------------
     14568       1250        656          0        100      10404   Library Totals

    ----------------------------------------------------------------------

==============================================================================


      Code (inc. data)   RO Data    RW Data    ZI Data      Debug   

     37480       3162       1944        588       7700     502356   Grand Totals
     37480       3162       1944         60       7700     502356   ELF Image Totals (compressed)
     37480       3162       1944         60          0          0   ROM Totals

==============================================================================

    Total RO  Size (Code + RO Data)                39424 (  38.50kB)
    Total RW  Size (RW Data + ZI Data)              8288 (   8.09kB)
    Total ROM Size (Code + RO Data + RW Data)      39484 (  38.56kB)

==============================================================================

